Archive member included to satisfy reference by file (symbol)

/usr/lib/gcc/arm-none-eabi/13.2.1/thumb/v6-m/nofp/libgcc.a(_dvmd_tls.o)
                              CMakeFiles/hcsr04.dir/home/arthur/2025.1/rtos/pico-sdk/src/rp2_common/pico_divider/divider_hardware.S.o (__aeabi_idiv0)
/usr/lib/gcc/arm-none-eabi/13.2.1/../../../arm-none-eabi/lib/thumb/v6-m/nofp/libg.a(libc_a-strncmp.o)
                              CMakeFiles/hcsr04.dir/home/arthur/2025.1/rtos/pico-sdk/lib/cyw43-driver/src/cyw43_ll.c.o (strncmp)
/usr/lib/gcc/arm-none-eabi/13.2.1/../../../arm-none-eabi/lib/thumb/v6-m/nofp/libg.a(libc_a-memmove.o)
                              CMakeFiles/hcsr04.dir/home/arthur/2025.1/rtos/pico-sdk/lib/cyw43-driver/src/cyw43_ll.c.o (memmove)
/usr/lib/gcc/arm-none-eabi/13.2.1/../../../arm-none-eabi/lib/thumb/v6-m/nofp/libg.a(libc_a-calloc.o)
                              CMakeFiles/hcsr04.dir/home/arthur/2025.1/rtos/pico-sdk/src/rp2_common/pico_malloc/malloc.c.o (calloc)
/usr/lib/gcc/arm-none-eabi/13.2.1/../../../arm-none-eabi/lib/thumb/v6-m/nofp/libg.a(libc_a-impure.o)
                              /usr/lib/gcc/arm-none-eabi/13.2.1/../../../arm-none-eabi/lib/thumb/v6-m/nofp/libg.a(libc_a-calloc.o) (_impure_ptr)
/usr/lib/gcc/arm-none-eabi/13.2.1/../../../arm-none-eabi/lib/thumb/v6-m/nofp/libg.a(libc_a-callocr.o)
                              /usr/lib/gcc/arm-none-eabi/13.2.1/../../../arm-none-eabi/lib/thumb/v6-m/nofp/libg.a(libc_a-calloc.o) (_calloc_r)
/usr/lib/gcc/arm-none-eabi/13.2.1/../../../arm-none-eabi/lib/thumb/v6-m/nofp/libg.a(libc_a-realloc.o)
                              CMakeFiles/hcsr04.dir/home/arthur/2025.1/rtos/pico-sdk/src/rp2_common/pico_malloc/malloc.c.o (realloc)
/usr/lib/gcc/arm-none-eabi/13.2.1/../../../arm-none-eabi/lib/thumb/v6-m/nofp/libg.a(libc_a-mallocr.o)
                              /usr/lib/gcc/arm-none-eabi/13.2.1/../../../arm-none-eabi/lib/thumb/v6-m/nofp/libg.a(libc_a-callocr.o) (_malloc_r)
/usr/lib/gcc/arm-none-eabi/13.2.1/../../../arm-none-eabi/lib/thumb/v6-m/nofp/libg.a(libc_a-freer.o)
                              /usr/lib/gcc/arm-none-eabi/13.2.1/../../../arm-none-eabi/lib/thumb/v6-m/nofp/libg.a(libc_a-mallocr.o) (_free_r)
/usr/lib/gcc/arm-none-eabi/13.2.1/../../../arm-none-eabi/lib/thumb/v6-m/nofp/libg.a(libc_a-memcmp.o)
                              CMakeFiles/hcsr04.dir/home/arthur/2025.1/rtos/pico-sdk/src/rp2_common/pico_atomic/atomic.c.o (memcmp)
/usr/lib/gcc/arm-none-eabi/13.2.1/../../../arm-none-eabi/lib/thumb/v6-m/nofp/libg.a(libc_a-malloc.o)
                              CMakeFiles/hcsr04.dir/home/arthur/2025.1/rtos/pico-sdk/src/rp2_common/pico_malloc/malloc.c.o (malloc)
/usr/lib/gcc/arm-none-eabi/13.2.1/../../../arm-none-eabi/lib/thumb/v6-m/nofp/libg.a(libc_a-sysconf.o)
                              /usr/lib/gcc/arm-none-eabi/13.2.1/../../../arm-none-eabi/lib/thumb/v6-m/nofp/libg.a(libc_a-mallocr.o) (sysconf)
/usr/lib/gcc/arm-none-eabi/13.2.1/../../../arm-none-eabi/lib/thumb/v6-m/nofp/libg.a(libc_a-init.o)
                              /usr/lib/gcc/arm-none-eabi/13.2.1/../../../arm-none-eabi/lib/thumb/v6-m/nofp/crt0.o (__libc_init_array)
/usr/lib/gcc/arm-none-eabi/13.2.1/../../../arm-none-eabi/lib/thumb/v6-m/nofp/libg.a(libc_a-reallocr.o)
                              /usr/lib/gcc/arm-none-eabi/13.2.1/../../../arm-none-eabi/lib/thumb/v6-m/nofp/libg.a(libc_a-realloc.o) (_realloc_r)
/usr/lib/gcc/arm-none-eabi/13.2.1/../../../arm-none-eabi/lib/thumb/v6-m/nofp/libg.a(libc_a-mktime.o)
                              CMakeFiles/hcsr04.dir/home/arthur/2025.1/rtos/pico-sdk/src/common/pico_util/datetime.c.o (mktime)
/usr/lib/gcc/arm-none-eabi/13.2.1/../../../arm-none-eabi/lib/thumb/v6-m/nofp/libg.a(libc_a-mlock.o)
                              /usr/lib/gcc/arm-none-eabi/13.2.1/../../../arm-none-eabi/lib/thumb/v6-m/nofp/libg.a(libc_a-mallocr.o) (__malloc_lock)
/usr/lib/gcc/arm-none-eabi/13.2.1/../../../arm-none-eabi/lib/thumb/v6-m/nofp/libg.a(libc_a-findfp.o)
                              /usr/lib/gcc/arm-none-eabi/13.2.1/../../../arm-none-eabi/lib/thumb/v6-m/nofp/libg.a(libc_a-impure.o) (__sf)
/usr/lib/gcc/arm-none-eabi/13.2.1/../../../arm-none-eabi/lib/thumb/v6-m/nofp/libg.a(libc_a-tzlock.o)
                              /usr/lib/gcc/arm-none-eabi/13.2.1/../../../arm-none-eabi/lib/thumb/v6-m/nofp/libg.a(libc_a-mktime.o) (__tz_lock)
/usr/lib/gcc/arm-none-eabi/13.2.1/../../../arm-none-eabi/lib/thumb/v6-m/nofp/libg.a(libc_a-atexit.o)
                              /usr/lib/gcc/arm-none-eabi/13.2.1/../../../arm-none-eabi/lib/thumb/v6-m/nofp/crt0.o (atexit)
/usr/lib/gcc/arm-none-eabi/13.2.1/../../../arm-none-eabi/lib/thumb/v6-m/nofp/libg.a(libc_a-lcltime_r.o)
                              CMakeFiles/hcsr04.dir/home/arthur/2025.1/rtos/pico-sdk/src/common/pico_util/datetime.c.o (localtime_r)
/usr/lib/gcc/arm-none-eabi/13.2.1/../../../arm-none-eabi/lib/thumb/v6-m/nofp/libg.a(libc_a-strlen-stub.o)
[...]
Memory Configuration

Name             Origin             Length             Attributes
FLASH            0x10000000         0x00200000         xr
RAM              0x20000000         0x00040000         xrw
SCRATCH_X        0x20040000         0x00001000         xrw
SCRATCH_Y        0x20041000         0x00001000         xrw
*default*        0x00000000         0xffffffff

Linker script and memory map

LOAD /usr/lib/gcc/arm-none-eabi/13.2.1/thumb/v6-m/nofp/crti.o
LOAD /usr/lib/gcc/arm-none-eabi/13.2.1/thumb/v6-m/nofp/crtbegin.o
LOAD /usr/lib/gcc/arm-none-eabi/13.2.1/../../../arm-none-eabi/lib/thumb/v6-m/nofp/crt0.o

.flash_begin    0x10000000        0x0
                0x10000000                        __flash_binary_start = .

.boot2          0x10000000      0x100
                0x10000000                        __boot2_start__ = .
 *(.boot2)
 .boot2         0x10000000      0x100 pico-sdk/src/rp2040/boot_stage2/CMakeFiles/bs2_default_library.dir/bs2_default_padded_checksummed.S.o
                0x10000100                        __boot2_end__ = .
                0x00000001                        ASSERT (((__boot2_end__ - __boot2_start__) == 0x100), ERROR: Pico second stage bootloader must be 256 bytes in size)

.text           0x10000100     0x91a4
                0x10000100                        __logical_binary_start = .
 *(.vectors)
 .vectors       0x10000100       0xd4 CMakeFiles/hcsr04.dir/home/arthur/2025.1/rtos/pico-sdk/src/rp2_common/pico_crt0/crt0.S.o
                0x10000100                __vectors
                0x10000100                __VECTOR_TABLE
                0x100001c0                isr_invalid
                0x100001c0                __default_isrs_start
                0x100001c2                isr_nmi
                0x100001c4                isr_hardfault
                0x100001c6                isr_svcall
                0x100001c8                isr_pendsv
                0x100001ca                isr_systick
                0x100001cc                isr_irq30
                0x100001cc                __unhandled_user_irq
                0x100001cc                isr_irq13
                0x100001cc                isr_irq27
                0x100001cc                isr_irq31
                0x100001cc                isr_irq5
                0x100001cc                isr_irq11
                0x100001cc                isr_irq23
                0x100001cc                isr_irq18
                0x100001cc                isr_irq28
                0x100001cc                isr_irq19
                0x100001cc                isr_irq0
                0x100001cc                isr_irq6
                0x100001cc                isr_irq22
                0x100001cc                isr_irq17
                0x100001cc                isr_irq14
                0x100001cc                isr_irq2
                0x100001cc                isr_irq10
                0x100001cc                isr_irq8
                0x100001cc                isr_irq24
                0x100001cc                isr_irq1
                0x100001cc                isr_irq7
                0x100001cc                isr_irq21
                0x100001cc                isr_irq20
                0x100001cc                isr_irq15
                0x100001cc                isr_irq25
                0x100001cc                isr_irq4
                0x100001cc                isr_irq16
                0x100001cc                isr_irq29
                0x100001cc                isr_irq26
                0x100001cc                __default_isrs_end
                0x100001cc                isr_irq3
                0x100001cc                isr_irq12
                0x100001cc                isr_irq9
                0x100001d2                unhandled_user_irq_num_in_r0
 *(.binary_info_header)
 .binary_info_header
                0x100001d4       0x14 CMakeFiles/hcsr04.dir/home/arthur/2025.1/rtos/pico-sdk/src/rp2_common/pico_crt0/crt0.S.o
                0x100001e8                        __binary_info_header_end = .
 *(.embedded_block)
                0x100001e8                        __embedded_block_end = .
 *(.reset)
 .reset         0x100001e8       0x9c CMakeFiles/hcsr04.dir/home/arthur/2025.1/rtos/pico-sdk/src/rp2_common/pico_crt0/crt0.S.o
                0x100001e8                _entry_point
 *(.init)
 .init          0x10000284        0x4 /usr/lib/gcc/arm-none-eabi/13.2.1/thumb/v6-m/nofp/crti.o
                0x10000284                _init
 *(EXCLUDE_FILE(*libm.a: *libc.a:*lib_a-mem*.o *libgcc.a:) .text*)
 .text          0x10000288       0x98 /usr/lib/gcc/arm-none-eabi/13.2.1/thumb/v6-m/nofp/crtbegin.o
 .text.sensor_task
                0x10000320       0x68 CMakeFiles/hcsr04.dir/main.c.o
                0x10000320                sensor_task
 .text.motor_task
                0x10000388      0x150 CMakeFiles/hcsr04.dir/main.c.o
                0x10000388                motor_task
 .text.startup.main
                0x100004d8      0x110 CMakeFiles/hcsr04.dir/main.c.o
                0x100004d8                main
 .text.gpio_set_function
                0x100005e8       0x34 CMakeFiles/hcsr04.dir/home/arthur/2025.1/rtos/pico-sdk/src/rp2_common/hardware_gpio/gpio.c.o
                0x100005e8                gpio_set_function
 .text.gpio_set_pulls
                0x1000061c       0x28 CMakeFiles/hcsr04.dir/home/arthur/2025.1/rtos/pico-sdk/src/rp2_common/hardware_gpio/gpio.c.o
                0x1000061c                gpio_set_pulls
 .text.gpio_init
                0x10000644       0x40 CMakeFiles/hcsr04.dir/home/arthur/2025.1/rtos/pico-sdk/src/rp2_common/hardware_gpio/gpio.c.o
                0x10000644                gpio_init
 .text.rp2040_chip_version
                0x10000684        0xc CMakeFiles/hcsr04.dir/home/arthur/2025.1/rtos/pico-sdk/src/rp2040/pico_platform/platform.c.o
                0x10000684                rp2040_chip_version
 .text.panic    0x10000690       0x30 CMakeFiles/hcsr04.dir/home/arthur/2025.1/rtos/pico-sdk/src/rp2_common/pico_platform_panic/panic.c.o
                0x10000690                panic
 .text.panic_unsupported
                0x100006c0        0xc CMakeFiles/hcsr04.dir/home/arthur/2025.1/rtos/pico-sdk/src/rp2_common/pico_platform_panic/panic.c.o
                0x100006c0                panic_unsupported
 .text.hw_claim_or_assert
                0x100006cc       0x44 CMakeFiles/hcsr04.dir/home/arthur/2025.1/rtos/pico-sdk/src/common/hardware_claim/claim.c.o
                0x100006cc                hw_claim_or_assert
 .text.hw_claim_unused_from_range
                0x10000710       0x9c CMakeFiles/hcsr04.dir/home/arthur/2025.1/rtos/pico-sdk/src/common/hardware_claim/claim.c.o
                0x10000710                hw_claim_unused_from_range
 .text.next_striped_spin_lock_num
                0x100007ac       0x18 CMakeFiles/hcsr04.dir/home/arthur/2025.1/rtos/pico-sdk/src/rp2_common/hardware_sync/sync.c.o
                0x100007ac                next_striped_spin_lock_num
 .text.spin_lock_claim_unused
                0x100007c4       0x24 CMakeFiles/hcsr04.dir/home/arthur/2025.1/rtos/pico-sdk/src/rp2_common/hardware_sync/sync.c.o
                0x100007c4                spin_lock_claim_unused
 .text.spin_locks_reset
                0x100007e8       0x1c CMakeFiles/hcsr04.dir/home/arthur/2025.1/rtos/pico-sdk/src/rp2_common/hardware_sync_spin_lock/sync_spin_lock.c.o
                0x100007e8                spin_locks_reset
 .text.runtime_init_per_core_irq_priorities
                0x10000804       0x24 CMakeFiles/hcsr04.dir/home/arthur/2025.1/rtos/pico-sdk/src/rp2_common/hardware_irq/irq.c.o
                0x10000804                runtime_init_per_core_irq_priorities
 .text.irq_set_enabled
                0x10000828       0x24 CMakeFiles/hcsr04.dir/home/arthur/2025.1/rtos/pico-sdk/src/rp2_common/hardware_irq/irq.c.o
                0x10000828                irq_set_enabled
 .text.irq_is_enabled
                0x1000084c       0x18 CMakeFiles/hcsr04.dir/home/arthur/2025.1/rtos/pico-sdk/src/rp2_common/hardware_irq/irq.c.o
                0x1000084c                irq_is_enabled
 .text.irq_set_pending
                0x10000864       0x10 CMakeFiles/hcsr04.dir/home/arthur/2025.1/rtos/pico-sdk/src/rp2_common/hardware_irq/irq.c.o
                0x10000864                irq_set_pending
 .text.irq_has_shared_handler
                0x10000874       0x24 CMakeFiles/hcsr04.dir/home/arthur/2025.1/rtos/pico-sdk/src/rp2_common/hardware_irq/irq.c.o
                0x10000874                irq_has_shared_handler
 .text.irq_set_exclusive_handler
                0x10000898       0x54 CMakeFiles/hcsr04.dir/home/arthur/2025.1/rtos/pico-sdk/src/rp2_common/hardware_irq/irq.c.o
                0x10000898                irq_set_exclusive_handler
 .text.irq_add_shared_handler
                0x100008ec      0x1f4 CMakeFiles/hcsr04.dir/home/arthur/2025.1/rtos/pico-sdk/src/rp2_common/hardware_irq/irq.c.o
                0x100008ec                irq_add_shared_handler
 .text.irq_remove_handler
                0x10000ae0      0x1d4 CMakeFiles/hcsr04.dir/home/arthur/2025.1/rtos/pico-sdk/src/rp2_common/hardware_irq/irq.c.o
                0x10000ae0                irq_remove_handler
 .text.irq_set_priority
                0x10000cb4       0x28 CMakeFiles/hcsr04.dir/home/arthur/2025.1/rtos/pico-sdk/src/rp2_common/hardware_irq/irq.c.o
                0x10000cb4                irq_set_priority
 .text.irq_add_tail_to_free_list
                0x10000cdc       0xb4 CMakeFiles/hcsr04.dir/home/arthur/2025.1/rtos/pico-sdk/src/rp2_common/hardware_irq/irq.c.o
                0x10000cdc                irq_add_tail_to_free_list
 .text.user_irq_claim_unused
                0x10000d90       0x2c CMakeFiles/hcsr04.dir/home/arthur/2025.1/rtos/pico-sdk/src/rp2_common/hardware_irq/irq.c.o
                0x10000d90                user_irq_claim_unused
 .text.lock_init
                0x10000dbc       0x10 CMakeFiles/hcsr04.dir/home/arthur/2025.1/rtos/pico-sdk/src/common/pico_sync/lock_core.c.o
                0x10000dbc                lock_init
 .text.runtime_init_mutex
                0x10000dcc       0x54 CMakeFiles/hcsr04.dir/home/arthur/2025.1/rtos/pico-sdk/src/common/pico_sync/mutex.c.o
                0x10000dcc                runtime_init_mutex
 .text.mutex_init
                0x10000e20       0x1c CMakeFiles/hcsr04.dir/home/arthur/2025.1/rtos/pico-sdk/src/common/pico_sync/mutex.c.o
                0x10000e20                mutex_init
 .text.critical_section_init
                0x10000e3c       0x1c CMakeFiles/hcsr04.dir/home/arthur/2025.1/rtos/pico-sdk/src/common/pico_sync/critical_section.c.o
                0x10000e3c                critical_section_init
 .text.critical_section_init_with_lock_num
                0x10000e58       0x14 CMakeFiles/hcsr04.dir/home/arthur/2025.1/rtos/pico-sdk/src/common/pico_sync/critical_section.c.o
                0x10000e58                critical_section_init_with_lock_num
 .text.alarm_pool_irq_handler
                0x10000e6c      0x2fc CMakeFiles/hcsr04.dir/home/arthur/2025.1/rtos/pico-sdk/src/common/pico_time/time.c.o
 .text.sleep_until_callback
                0x10001168       0x24 CMakeFiles/hcsr04.dir/home/arthur/2025.1/rtos/pico-sdk/src/common/pico_time/time.c.o
 .text.runtime_init_default_alarm_pool
                0x1000118c       0xdc CMakeFiles/hcsr04.dir/home/arthur/2025.1/rtos/pico-sdk/src/common/pico_time/time.c.o
                0x1000118c                runtime_init_default_alarm_pool
 .text.alarm_pool_get_default
                0x10001268        0x8 CMakeFiles/hcsr04.dir/home/arthur/2025.1/rtos/pico-sdk/src/common/pico_time/time.c.o
                0x10001268                alarm_pool_get_default
 .text.alarm_pool_add_alarm_at
                0x10001270       0xd4 CMakeFiles/hcsr04.dir/home/arthur/2025.1/rtos/pico-sdk/src/common/pico_time/time.c.o
                0x10001270                alarm_pool_add_alarm_at
 .text.alarm_pool_add_alarm_at_force_in_context
                0x10001344       0xb0 CMakeFiles/hcsr04.dir/home/arthur/2025.1/rtos/pico-sdk/src/common/pico_time/time.c.o
                0x10001344                alarm_pool_add_alarm_at_force_in_context
 .text.alarm_pool_cancel_alarm
                0x100013f4       0x74 CMakeFiles/hcsr04.dir/home/arthur/2025.1/rtos/pico-sdk/src/common/pico_time/time.c.o
                0x100013f4                alarm_pool_cancel_alarm
 .text.alarm_pool_core_num
                0x10001468        0x4 CMakeFiles/hcsr04.dir/home/arthur/2025.1/rtos/pico-sdk/src/common/pico_time/time.c.o
                0x10001468                alarm_pool_core_num
 .text.best_effort_wfe_or_timeout
                0x1000146c       0xf8 CMakeFiles/hcsr04.dir/home/arthur/2025.1/rtos/pico-sdk/src/common/pico_time/time.c.o
                0x1000146c                best_effort_wfe_or_timeout
 .text.timer_hardware_alarm_claim
                0x10001564       0x14 CMakeFiles/hcsr04.dir/home/arthur/2025.1/rtos/pico-sdk/src/rp2_common/hardware_timer/timer.c.o
                0x10001564                timer_hardware_alarm_claim
 .text.timer_time_us_64
                0x10001578       0x10 CMakeFiles/hcsr04.dir/home/arthur/2025.1/rtos/pico-sdk/src/rp2_common/hardware_timer/timer.c.o
                0x10001578                timer_time_us_64
 .text.time_us_64
                0x10001588       0x14 CMakeFiles/hcsr04.dir/home/arthur/2025.1/rtos/pico-sdk/src/rp2_common/hardware_timer/timer.c.o
                0x10001588                time_us_64
 .text.busy_wait_us
                0x1000159c       0x68 CMakeFiles/hcsr04.dir/home/arthur/2025.1/rtos/pico-sdk/src/rp2_common/hardware_timer/timer.c.o
                0x1000159c                busy_wait_us
 .text.uart_init
                0x10001604      0x120 CMakeFiles/hcsr04.dir/home/arthur/2025.1/rtos/pico-sdk/src/rp2_common/hardware_uart/uart.c.o
                0x10001604                uart_init
 .text.clock_configure_int_divider
                0x10001724       0xf4 CMakeFiles/hcsr04.dir/home/arthur/2025.1/rtos/pico-sdk/src/rp2_common/hardware_clocks/clocks.c.o
                0x10001724                clock_configure_int_divider
 .text.clock_configure_undivided
                0x10001818       0xe8 CMakeFiles/hcsr04.dir/home/arthur/2025.1/rtos/pico-sdk/src/rp2_common/hardware_clocks/clocks.c.o
                0x10001818                clock_configure_undivided
 .text.clock_get_hz
                0x10001900        0xc CMakeFiles/hcsr04.dir/home/arthur/2025.1/rtos/pico-sdk/src/rp2_common/hardware_clocks/clocks.c.o
                0x10001900                clock_get_hz
 .text.pll_init
                0x1000190c       0xa4 CMakeFiles/hcsr04.dir/home/arthur/2025.1/rtos/pico-sdk/src/rp2_common/hardware_pll/pll.c.o
                0x1000190c                pll_init
 .text.watchdog_reboot
                0x100019b0       0x9c CMakeFiles/hcsr04.dir/home/arthur/2025.1/rtos/pico-sdk/src/rp2_common/hardware_watchdog/watchdog.c.o
                0x100019b0                watchdog_reboot
 .text.tick_start
                0x10001a4c       0x10 CMakeFiles/hcsr04.dir/home/arthur/2025.1/rtos/pico-sdk/src/rp2_common/hardware_ticks/ticks.c.o
                0x10001a4c                tick_start
 .text.rom_func_lookup
                0x10001a5c       0x10 CMakeFiles/hcsr04.dir/home/arthur/2025.1/rtos/pico-sdk/src/rp2_common/pico_bootrom/bootrom.c.o
                0x10001a5c                rom_func_lookup
 .text.rom_data_lookup
                0x10001a6c       0x10 CMakeFiles/hcsr04.dir/home/arthur/2025.1/rtos/pico-sdk/src/rp2_common/pico_bootrom/bootrom.c.o
                0x10001a6c                rom_data_lookup
 .text.rom_funcs_lookup
                0x10001a7c       0x44 CMakeFiles/hcsr04.dir/home/arthur/2025.1/rtos/pico-sdk/src/rp2_common/pico_bootrom/bootrom.c.o
                0x10001a7c                rom_funcs_lookup
 .text.rom_reset_usb_boot_extra
                0x10001ac0       0x28 CMakeFiles/hcsr04.dir/home/arthur/2025.1/rtos/pico-sdk/src/rp2_common/pico_bootrom/bootrom.c.o
                0x10001ac0                rom_reset_usb_boot_extra
 .text.xosc_init
                0x10001ae8       0x28 CMakeFiles/hcsr04.dir/home/arthur/2025.1/rtos/pico-sdk/src/rp2_common/hardware_xosc/xosc.c.o
                0x10001ae8                xosc_init
 .text.first_per_core_initializer
                0x10001b10        0x4 CMakeFiles/hcsr04.dir/home/arthur/2025.1/rtos/pico-sdk/src/rp2_common/pico_runtime/runtime.c.o
 .text.hard_assertion_failure
                0x10001b14        0xc CMakeFiles/hcsr04.dir/home/arthur/2025.1/rtos/pico-sdk/src/rp2_common/pico_runtime/runtime.c.o
                0x10001b14                hard_assertion_failure
 .text.runtime_run_initializers
                0x10001b20       0x28 CMakeFiles/hcsr04.dir/home/arthur/2025.1/rtos/pico-sdk/src/rp2_common/pico_runtime/runtime.c.o
                0x10001b20                runtime_run_initializers
 .text.runtime_init_early_resets
                0x10001b48       0x2c CMakeFiles/hcsr04.dir/home/arthur/2025.1/rtos/pico-sdk/src/rp2_common/pico_runtime_init/runtime_init.c.o
                0x10001b48                runtime_init_early_resets
 .text.runtime_init_usb_power_down
                0x10001b74       0x1c CMakeFiles/hcsr04.dir/home/arthur/2025.1/rtos/pico-sdk/src/rp2_common/pico_runtime_init/runtime_init.c.o
                0x10001b74                runtime_init_usb_power_down
 .text.runtime_init_post_clock_resets
                0x10001b90       0x20 CMakeFiles/hcsr04.dir/home/arthur/2025.1/rtos/pico-sdk/src/rp2_common/pico_runtime_init/runtime_init.c.o
                0x10001b90                runtime_init_post_clock_resets
 .text.runtime_init_rp2040_gpio_ie_disable
                0x10001bb0       0x14 CMakeFiles/hcsr04.dir/home/arthur/2025.1/rtos/pico-sdk/src/rp2_common/pico_runtime_init/runtime_init.c.o
                0x10001bb0                runtime_init_rp2040_gpio_ie_disable
 .text.runtime_init_spin_locks_reset
                0x10001bc4        0x8 CMakeFiles/hcsr04.dir/home/arthur/2025.1/rtos/pico-sdk/src/rp2_common/pico_runtime_init/runtime_init.c.o
                0x10001bc4                runtime_init_spin_locks_reset
 .text.runtime_init_install_ram_vector_table
                0x10001bcc       0x1c CMakeFiles/hcsr04.dir/home/arthur/2025.1/rtos/pico-sdk/src/rp2_common/pico_runtime_init/runtime_init.c.o
                0x10001bcc                runtime_init_install_ram_vector_table
 .text.runtime_init_clocks
                0x10001be8       0xd8 CMakeFiles/hcsr04.dir/home/arthur/2025.1/rtos/pico-sdk/src/rp2_common/pico_runtime_init/runtime_init_clocks.c.o
                0x10001be8                runtime_init_clocks
 .text          0x10001cc0       0x10 CMakeFiles/hcsr04.dir/home/arthur/2025.1/rtos/pico-sdk/src/rp2_common/pico_bit_ops/bit_ops_aeabi.S.o
 .text.__wrap___aeabi_idiv
                0x10001cd0       0x50 CMakeFiles/hcsr04.dir/home/arthur/2025.1/rtos/pico-sdk/src/rp2_common/pico_divider/divider_hardware.S.o
                0x10001cd0                __wrap___aeabi_idivmod
                0x10001cd0                divmod_s32s32
                0x10001cd0                div_s32s32
                0x10001cd0                __wrap___aeabi_idiv
                0x10001cd8                divmod_s32s32_unsafe
                0x10001d04                divmod_s32s32_savestate
 .text.__wrap___aeabi_uidiv
                0x10001d20       0x4c CMakeFiles/hcsr04.dir/home/arthur/2025.1/rtos/pico-sdk/src/rp2_common/pico_divider/divider_hardware.S.o
                0x10001d20                __wrap___aeabi_uidiv
                0x10001d20                __wrap___aeabi_uidivmod
                0x10001d20                div_u32u32
                0x10001d20                divmod_u32u32
                0x10001d28                divmod_u32u32_unsafe
                0x10001d50                divmod_u32u32_savestate
 .text.__wrap___aeabi_ldiv
                0x10001d6c      0x424 CMakeFiles/hcsr04.dir/home/arthur/2025.1/rtos/pico-sdk/src/rp2_common/pico_divider/divider_hardware.S.o
                0x10001d6c                div_s64s64
                0x10001d6c                divmod_s64s64
                0x10001d6c                __wrap___aeabi_ldivmod
                0x10001d9c                div_u64u64
                0x10001d9c                divmod_u64u64
                0x10001d9c                __wrap___aeabi_uldivmod
                0x10001dac                divmod_u64u64_savestate
                0x10001dcc                divmod_s64s64_unsafe
                0x10001e54                divmod_u64u64_unsafe
 .text.__wrap___aeabi_darithmetic
                0x10002190       0x60 CMakeFiles/hcsr04.dir/home/arthur/2025.1/rtos/pico-sdk/src/rp2_common/pico_double/double_aeabi_rp2040.S.o
                0x10002190                __wrap___aeabi_drsub
                0x10002196                __wrap___aeabi_dsub
                0x100021a0                __wrap___aeabi_dadd
                0x100021aa                __wrap___aeabi_ddiv
                0x100021de                __wrap___aeabi_dmul
 .text.__wrap___aeabi_cdcmple
                0x100021f0       0x6c CMakeFiles/hcsr04.dir/home/arthur/2025.1/rtos/pico-sdk/src/rp2_common/pico_double/double_aeabi_rp2040.S.o
                0x100021f0                __wrap___aeabi_cdrcmple
                0x10002200                __wrap___aeabi_cdcmple
                0x10002200                __wrap___aeabi_cdcmpeq
 .text.__wrap___aeabi_dcmplt
                0x1000225c        0xc CMakeFiles/hcsr04.dir/home/arthur/2025.1/rtos/pico-sdk/src/rp2_common/pico_double/double_aeabi_rp2040.S.o
                0x1000225c                __wrap___aeabi_dcmplt
 .text.__wrap___aeabi_dcmpge
                0x10002268       0x10 CMakeFiles/hcsr04.dir/home/arthur/2025.1/rtos/pico-sdk/src/rp2_common/pico_double/double_aeabi_rp2040.S.o
                0x10002268                __wrap___aeabi_dcmpge
 .text.__wrap___aeabi_dcmpgt
                0x10002278        0xa CMakeFiles/hcsr04.dir/home/arthur/2025.1/rtos/pico-sdk/src/rp2_common/pico_double/double_aeabi_rp2040.S.o
                0x10002278                __wrap___aeabi_dcmpgt
 .text.__wrap___aeabi_dcmpun
                0x10002282       0x18 CMakeFiles/hcsr04.dir/home/arthur/2025.1/rtos/pico-sdk/src/rp2_common/pico_double/double_aeabi_rp2040.S.o
                0x10002282                __wrap___aeabi_dcmpun
 *fill*         0x1000229a        0x2 
 .text.__wrap___aeabi_i2d
                0x1000229c       0x38 CMakeFiles/hcsr04.dir/home/arthur/2025.1/rtos/pico-sdk/src/rp2_common/pico_double/double_aeabi_rp2040.S.o
                0x1000229c                __wrap___aeabi_ui2d
                0x1000229c                uint2double
                0x100022a4                __wrap___aeabi_i2d
                0x100022a4                int2double
 .text.__wrap___aeabi_d2iz
                0x100022d4       0x48 CMakeFiles/hcsr04.dir/home/arthur/2025.1/rtos/pico-sdk/src/rp2_common/pico_double/double_aeabi_rp2040.S.o
                0x100022d4                __wrap___aeabi_d2iz
                0x100022d4                double2int_z
 .text.__wrap___aeabi_d2uiz
                0x1000231c       0x10 CMakeFiles/hcsr04.dir/home/arthur/2025.1/rtos/pico-sdk/src/rp2_common/pico_double/double_aeabi_rp2040.S.o
                0x1000231c                double2uint_z
                0x1000231c                double2uint
                0x1000231c                __wrap___aeabi_d2uiz
 .text.missing_double_func_shim
                0x1000232c        0xc CMakeFiles/hcsr04.dir/home/arthur/2025.1/rtos/pico-sdk/src/rp2_common/pico_double/double_init_rom_rp2040.c.o
 .text.__aeabi_double_init
                0x10002338       0xa0 CMakeFiles/hcsr04.dir/home/arthur/2025.1/rtos/pico-sdk/src/rp2_common/pico_double/double_init_rom_rp2040.c.o
                0x10002338                __aeabi_double_init
 .text.double_table_shim_on_use_helper
                0x100023d8       0x2c CMakeFiles/hcsr04.dir/home/arthur/2025.1/rtos/pico-sdk/src/rp2_common/pico_double/double_v1_rom_shim_rp2040.S.o
                0x100023d8                double_table_shim_on_use_helper
 .text.__aeabi_lmul
                0x10002404       0x32 CMakeFiles/hcsr04.dir/home/arthur/2025.1/rtos/pico-sdk/src/rp2_common/pico_int64_ops/pico_int64_ops_aeabi.S.o
                0x10002404                __wrap___aeabi_lmul
 *fill*         0x10002436        0x2 
 .text.__wrap___aeabi_farithmetic
                0x10002438       0x48 CMakeFiles/hcsr04.dir/home/arthur/2025.1/rtos/pico-sdk/src/rp2_common/pico_float/float_aeabi_rp2040.S.o
                0x10002438                __wrap___aeabi_frsub
                0x1000243e                __wrap___aeabi_fsub
                0x10002444                __wrap___aeabi_fadd
                0x1000244a                __wrap___aeabi_fdiv
                0x10002472                __wrap___aeabi_fmul
 .text.__wrap___aeabi_i2f
                0x10002480       0x44 CMakeFiles/hcsr04.dir/home/arthur/2025.1/rtos/pico-sdk/src/rp2_common/pico_float/float_aeabi_rp2040.S.o
                0x10002480                int2float
                0x10002480                __wrap___aeabi_i2f
 .text.__wrap___aeabi_f2iz
                0x100024c4       0x4e CMakeFiles/hcsr04.dir/home/arthur/2025.1/rtos/pico-sdk/src/rp2_common/pico_float/float_aeabi_rp2040.S.o
                0x100024c4                __wrap___aeabi_f2iz
                0x100024c4                float2int_z
 *fill*         0x10002512        0x2 
 .text.float2int
                0x10002514        0xc CMakeFiles/hcsr04.dir/home/arthur/2025.1/rtos/pico-sdk/src/rp2_common/pico_float/float_aeabi_rp2040.S.o
                0x10002514                float2int
 .text.__wrap___aeabi_f2uiz
                0x10002520        0xc CMakeFiles/hcsr04.dir/home/arthur/2025.1/rtos/pico-sdk/src/rp2_common/pico_float/float_aeabi_rp2040.S.o
                0x10002520                float2uint
                0x10002520                float2uint_z
                0x10002520                __wrap___aeabi_f2uiz
 .text.missing_float_func_shim
                0x1000252c        0xc CMakeFiles/hcsr04.dir/home/arthur/2025.1/rtos/pico-sdk/src/rp2_common/pico_float/float_init_rom_rp2040.c.o
 .text.__aeabi_float_init
                0x10002538       0x5c CMakeFiles/hcsr04.dir/home/arthur/2025.1/rtos/pico-sdk/src/rp2_common/pico_float/float_init_rom_rp2040.c.o
                0x10002538                __aeabi_float_init
 .text          0x10002594       0x10 CMakeFiles/hcsr04.dir/home/arthur/2025.1/rtos/pico-sdk/src/rp2_common/pico_mem_ops/mem_ops_aeabi.S.o
                0x10002594                __aeabi_mem_init
 .text.memset   0x100025a4        0xc CMakeFiles/hcsr04.dir/home/arthur/2025.1/rtos/pico-sdk/src/rp2_common/pico_mem_ops/mem_ops_aeabi.S.o
                0x100025a4                __wrap_memset
 .text.memcpy   0x100025b0        0xc CMakeFiles/hcsr04.dir/home/arthur/2025.1/rtos/pico-sdk/src/rp2_common/pico_mem_ops/mem_ops_aeabi.S.o
                0x100025b0                __wrap___aeabi_memcpy
                0x100025b0                __wrap_memcpy
 .text._out_null
                0x100025bc        0x4 CMakeFiles/hcsr04.dir/home/arthur/2025.1/rtos/pico-sdk/src/rp2_common/pico_printf/printf.c.o
 .text._out_rev
                0x100025c0       0xac CMakeFiles/hcsr04.dir/home/arthur/2025.1/rtos/pico-sdk/src/rp2_common/pico_printf/printf.c.o
 .text._ntoa_format
                0x1000266c      0x250 CMakeFiles/hcsr04.dir/home/arthur/2025.1/rtos/pico-sdk/src/rp2_common/pico_printf/printf.c.o
 .text._out_char
                0x100028bc       0x10 CMakeFiles/hcsr04.dir/home/arthur/2025.1/rtos/pico-sdk/src/rp2_common/pico_printf/printf.c.o
 .text._out_fct
                0x100028cc       0x10 CMakeFiles/hcsr04.dir/home/arthur/2025.1/rtos/pico-sdk/src/rp2_common/pico_printf/printf.c.o
 .text._etoa    0x100028dc      0x464 CMakeFiles/hcsr04.dir/home/arthur/2025.1/rtos/pico-sdk/src/rp2_common/pico_printf/printf.c.o
 .text._ftoa    0x10002d40      0x3c0 CMakeFiles/hcsr04.dir/home/arthur/2025.1/rtos/pico-sdk/src/rp2_common/pico_printf/printf.c.o
 .text._vsnprintf
                0x10003100      0xbc8 CMakeFiles/hcsr04.dir/home/arthur/2025.1/rtos/pico-sdk/src/rp2_common/pico_printf/printf.c.o
 .text.vfctprintf
                0x10003cc8       0x20 CMakeFiles/hcsr04.dir/home/arthur/2025.1/rtos/pico-sdk/src/rp2_common/pico_printf/printf.c.o
                0x10003cc8                vfctprintf
 .text.weak_raw_vprintf
                0x10003ce8       0x30 CMakeFiles/hcsr04.dir/home/arthur/2025.1/rtos/pico-sdk/src/rp2_common/pico_printf/printf.c.o
                0x10003ce8                weak_raw_vprintf
 .text._exit    0x10003d18        0x4 CMakeFiles/hcsr04.dir/home/arthur/2025.1/rtos/pico-sdk/src/rp2_common/pico_clib_interface/newlib_interface.c.o
                0x10003d18                _exit
 .text.exit     0x10003d1c        0x8 CMakeFiles/hcsr04.dir/home/arthur/2025.1/rtos/pico-sdk/src/rp2_common/pico_clib_interface/newlib_interface.c.o
                0x10003d1c                exit
 .text.runtime_init
                0x10003d24       0x2c CMakeFiles/hcsr04.dir/home/arthur/2025.1/rtos/pico-sdk/src/rp2_common/pico_clib_interface/newlib_interface.c.o
                0x10003d24                runtime_init
 .text.stdio_out_chars_no_crlf
                0x10003d50       0x10 CMakeFiles/hcsr04.dir/home/arthur/2025.1/rtos/pico-sdk/src/rp2_common/pico_stdio/stdio.c.o
 .text.stdio_out_chars_crlf
                0x10003d60       0x94 CMakeFiles/hcsr04.dir/home/arthur/2025.1/rtos/pico-sdk/src/rp2_common/pico_stdio/stdio.c.o
 .text.stdio_buffered_printer
                0x10003df4       0x64 CMakeFiles/hcsr04.dir/home/arthur/2025.1/rtos/pico-sdk/src/rp2_common/pico_stdio/stdio.c.o
 .text.stdio_put_string
                0x10003e58      0x100 CMakeFiles/hcsr04.dir/home/arthur/2025.1/rtos/pico-sdk/src/rp2_common/pico_stdio/stdio.c.o
                0x10003e58                stdio_put_string
 .text.stdio_set_driver_enabled
                0x10003f58       0x30 CMakeFiles/hcsr04.dir/home/arthur/2025.1/rtos/pico-sdk/src/rp2_common/pico_stdio/stdio.c.o
                0x10003f58                stdio_set_driver_enabled
 .text.stdio_init_all
                0x10003f88       0x10 CMakeFiles/hcsr04.dir/home/arthur/2025.1/rtos/pico-sdk/src/rp2_common/pico_stdio/stdio.c.o
                0x10003f88                stdio_init_all
 .text.__wrap_putchar
                0x10003f98       0x98 CMakeFiles/hcsr04.dir/home/arthur/2025.1/rtos/pico-sdk/src/rp2_common/pico_stdio/stdio.c.o
                0x10003f98                stdio_putchar
                0x10003f98                __wrap_putchar
 .text.__wrap_puts
                0x10004030       0x3c CMakeFiles/hcsr04.dir/home/arthur/2025.1/rtos/pico-sdk/src/rp2_common/pico_stdio/stdio.c.o
                0x10004030                __wrap_puts
                0x10004030                stdio_puts
 .text.__wrap_vprintf
                0x1000406c       0xd4 CMakeFiles/hcsr04.dir/home/arthur/2025.1/rtos/pico-sdk/src/rp2_common/pico_stdio/stdio.c.o
                0x1000406c                __wrap_vprintf
                0x1000406c                stdio_vprintf
 .text.__wrap_printf
                0x10004140       0x18 CMakeFiles/hcsr04.dir/home/arthur/2025.1/rtos/pico-sdk/src/rp2_common/pico_stdio/stdio.c.o
                0x10004140                stdio_printf
                0x10004140                __wrap_printf
 .text.stdio_uart_out_chars
                0x10004158       0x4c CMakeFiles/hcsr04.dir/home/arthur/2025.1/rtos/pico-sdk/src/rp2_common/pico_stdio_uart/stdio_uart.c.o
 .text.stdio_uart_in_chars
                0x100041a4       0x90 CMakeFiles/hcsr04.dir/home/arthur/2025.1/rtos/pico-sdk/src/rp2_common/pico_stdio_uart/stdio_uart.c.o
                0x100041a4                stdio_uart_in_chars
 .text.on_uart_rx
                0x10004234       0x28 CMakeFiles/hcsr04.dir/home/arthur/2025.1/rtos/pico-sdk/src/rp2_common/pico_stdio_uart/stdio_uart.c.o
 .text.stdio_uart_out_flush
                0x1000425c       0x14 CMakeFiles/hcsr04.dir/home/arthur/2025.1/rtos/pico-sdk/src/rp2_common/pico_stdio_uart/stdio_uart.c.o
 .text.stdio_uart_set_chars_available_callback
                0x10004270       0x84 CMakeFiles/hcsr04.dir/home/arthur/2025.1/rtos/pico-sdk/src/rp2_common/pico_stdio_uart/stdio_uart.c.o
 .text.stdio_uart_init
                0x100042f4       0x50 CMakeFiles/hcsr04.dir/home/arthur/2025.1/rtos/pico-sdk/src/rp2_common/pico_stdio_uart/stdio_uart.c.o
                0x100042f4                stdio_uart_init
 *fill*         0x10004344        0xc 
 .text.vPortStartFirstTask
                0x10004350       0x34 CMakeFiles/hcsr04.dir/home/arthur/2025.1/rtos/FreeRTOS-Kernel/portable/ThirdParty/GCC/RP2040/port.c.o
 *fill*         0x10004384        0xc 
 .text.xPortPendSVHandler
                0x10004390       0x64 CMakeFiles/hcsr04.dir/home/arthur/2025.1/rtos/FreeRTOS-Kernel/portable/ThirdParty/GCC/RP2040/port.c.o
                0x10004390                xPortPendSVHandler
 .text.prvTaskExitError
                0x100043f4        0x8 CMakeFiles/hcsr04.dir/home/arthur/2025.1/rtos/FreeRTOS-Kernel/portable/ThirdParty/GCC/RP2040/port.c.o
 .text.prvFIFOInterruptHandler
                0x100043fc       0x78 CMakeFiles/hcsr04.dir/home/arthur/2025.1/rtos/FreeRTOS-Kernel/portable/ThirdParty/GCC/RP2040/port.c.o
 .text.vPortSVCHandler
                0x10004474        0x4 CMakeFiles/hcsr04.dir/home/arthur/2025.1/rtos/FreeRTOS-Kernel/portable/ThirdParty/GCC/RP2040/port.c.o
                0x10004474                vPortSVCHandler
 .text.pxPortInitialiseStack
                0x10004478       0x20 CMakeFiles/hcsr04.dir/home/arthur/2025.1/rtos/FreeRTOS-Kernel/portable/ThirdParty/GCC/RP2040/port.c.o
                0x10004478                pxPortInitialiseStack
 .text.vPortYield
                0x10004498       0x18 CMakeFiles/hcsr04.dir/home/arthur/2025.1/rtos/FreeRTOS-Kernel/portable/ThirdParty/GCC/RP2040/port.c.o
                0x10004498                vPortYield
 .text.vPortEnterCritical
                0x100044b0       0x18 CMakeFiles/hcsr04.dir/home/arthur/2025.1/rtos/FreeRTOS-Kernel/portable/ThirdParty/GCC/RP2040/port.c.o
                0x100044b0                vPortEnterCritical
 .text.vPortExitCritical
                0x100044c8       0x14 CMakeFiles/hcsr04.dir/home/arthur/2025.1/rtos/FreeRTOS-Kernel/portable/ThirdParty/GCC/RP2040/port.c.o
                0x100044c8                vPortExitCritical
 .text.ulSetInterruptMaskFromISR
                0x100044dc        0x8 CMakeFiles/hcsr04.dir/home/arthur/2025.1/rtos/FreeRTOS-Kernel/portable/ThirdParty/GCC/RP2040/port.c.o
                0x100044dc                ulSetInterruptMaskFromISR
 .text.vClearInterruptMaskFromISR
                0x100044e4        0x8 CMakeFiles/hcsr04.dir/home/arthur/2025.1/rtos/FreeRTOS-Kernel/portable/ThirdParty/GCC/RP2040/port.c.o
                0x100044e4                vClearInterruptMaskFromISR
 .text.xPortSysTickHandler
                0x100044ec       0x24 CMakeFiles/hcsr04.dir/home/arthur/2025.1/rtos/FreeRTOS-Kernel/portable/ThirdParty/GCC/RP2040/port.c.o
                0x100044ec                xPortSysTickHandler
 .text.vPortSetupTimerInterrupt
                0x10004510       0x34 CMakeFiles/hcsr04.dir/home/arthur/2025.1/rtos/FreeRTOS-Kernel/portable/ThirdParty/GCC/RP2040/port.c.o
                0x10004510                vPortSetupTimerInterrupt
 .text.xPortStartScheduler
                0x10004544       0x9c CMakeFiles/hcsr04.dir/home/arthur/2025.1/rtos/FreeRTOS-Kernel/portable/ThirdParty/GCC/RP2040/port.c.o
                0x10004544                xPortStartScheduler
 .text.ulPortLockGetCurrentOwnerId
                0x100045e0       0x2c CMakeFiles/hcsr04.dir/home/arthur/2025.1/rtos/FreeRTOS-Kernel/portable/ThirdParty/GCC/RP2040/port.c.o
                0x100045e0                ulPortLockGetCurrentOwnerId
 .text.vPortLockInternalSpinUnlockWithNotify
                0x1000460c       0xcc CMakeFiles/hcsr04.dir/home/arthur/2025.1/rtos/FreeRTOS-Kernel/portable/ThirdParty/GCC/RP2040/port.c.o
                0x1000460c                vPortLockInternalSpinUnlockWithNotify
 .text.xPortLockInternalSpinUnlockWithBestEffortWaitOrTimeout
                0x100046d8       0xfc CMakeFiles/hcsr04.dir/home/arthur/2025.1/rtos/FreeRTOS-Kernel/portable/ThirdParty/GCC/RP2040/port.c.o
                0x100046d8                xPortLockInternalSpinUnlockWithBestEffortWaitOrTimeout
 .text.startup.prvRuntimeInitializer
                0x100047d4       0x28 CMakeFiles/hcsr04.dir/home/arthur/2025.1/rtos/FreeRTOS-Kernel/portable/ThirdParty/GCC/RP2040/port.c.o
 .text.vEventGroupSetBitsCallback
                0x100047fc       0x90 CMakeFiles/hcsr04.dir/home/arthur/2025.1/rtos/FreeRTOS-Kernel/event_groups.c.o
                0x100047fc                vEventGroupSetBitsCallback
 .text.xEventGroupCreate
                0x1000488c       0x18 CMakeFiles/hcsr04.dir/home/arthur/2025.1/rtos/FreeRTOS-Kernel/event_groups.c.o
                0x1000488c                xEventGroupCreate
 .text.xEventGroupWaitBits
                0x100048a4       0xb8 CMakeFiles/hcsr04.dir/home/arthur/2025.1/rtos/FreeRTOS-Kernel/event_groups.c.o
                0x100048a4                xEventGroupWaitBits
 .text.xEventGroupSetBits
                0x1000495c       0x9c CMakeFiles/hcsr04.dir/home/arthur/2025.1/rtos/FreeRTOS-Kernel/event_groups.c.o
                0x1000495c                xEventGroupSetBits
 .text.xEventGroupSetBitsFromISR
                0x100049f8       0x18 CMakeFiles/hcsr04.dir/home/arthur/2025.1/rtos/FreeRTOS-Kernel/event_groups.c.o
                0x100049f8                xEventGroupSetBitsFromISR
 .text.vListInitialise
                0x10004a10       0x18 CMakeFiles/hcsr04.dir/home/arthur/2025.1/rtos/FreeRTOS-Kernel/list.c.o
                0x10004a10                vListInitialise
 .text.vListInitialiseItem
                0x10004a28        0x8 CMakeFiles/hcsr04.dir/home/arthur/2025.1/rtos/FreeRTOS-Kernel/list.c.o
                0x10004a28                vListInitialiseItem
 .text.vListInsert
                0x10004a30       0x30 CMakeFiles/hcsr04.dir/home/arthur/2025.1/rtos/FreeRTOS-Kernel/list.c.o
                0x10004a30                vListInsert
 .text.uxListRemove
                0x10004a60       0x20 CMakeFiles/hcsr04.dir/home/arthur/2025.1/rtos/FreeRTOS-Kernel/list.c.o
                0x10004a60                uxListRemove
 .text.prvUnlockQueue
                0x10004a80      0x180 CMakeFiles/hcsr04.dir/home/arthur/2025.1/rtos/FreeRTOS-Kernel/queue.c.o
 .text.prvNotifyQueueSetContainer
                0x10004c00       0x90 CMakeFiles/hcsr04.dir/home/arthur/2025.1/rtos/FreeRTOS-Kernel/queue.c.o
 .text.xQueueGenericCreate
                0x10004c90       0xa4 CMakeFiles/hcsr04.dir/home/arthur/2025.1/rtos/FreeRTOS-Kernel/queue.c.o
                0x10004c90                xQueueGenericCreate
 .text.xQueueGenericSend
                0x10004d34      0x1d8 CMakeFiles/hcsr04.dir/home/arthur/2025.1/rtos/FreeRTOS-Kernel/queue.c.o
                0x10004d34                xQueueGenericSend
 .text.xQueueCreateMutex
                0x10004f0c       0x6c CMakeFiles/hcsr04.dir/home/arthur/2025.1/rtos/FreeRTOS-Kernel/queue.c.o
                0x10004f0c                xQueueCreateMutex
 .text.xQueueGenericSendFromISR
                0x10004f78      0x134 CMakeFiles/hcsr04.dir/home/arthur/2025.1/rtos/FreeRTOS-Kernel/queue.c.o
                0x10004f78                xQueueGenericSendFromISR
 .text.xQueueReceive
                0x100050ac      0x11c CMakeFiles/hcsr04.dir/home/arthur/2025.1/rtos/FreeRTOS-Kernel/queue.c.o
                0x100050ac                xQueueReceive
 .text.xQueueSemaphoreTake
                0x100051c8      0x14c CMakeFiles/hcsr04.dir/home/arthur/2025.1/rtos/FreeRTOS-Kernel/queue.c.o
                0x100051c8                xQueueSemaphoreTake
 .text.vQueueAddToRegistry
                0x10005314      0x118 CMakeFiles/hcsr04.dir/home/arthur/2025.1/rtos/FreeRTOS-Kernel/queue.c.o
                0x10005314                vQueueAddToRegistry
 .text.vQueueWaitForMessageRestricted
                0x1000542c       0x48 CMakeFiles/hcsr04.dir/home/arthur/2025.1/rtos/FreeRTOS-Kernel/queue.c.o
                0x1000542c                vQueueWaitForMessageRestricted
 .text.prvAddNewTaskToReadyList
                0x10005474      0x124 CMakeFiles/hcsr04.dir/home/arthur/2025.1/rtos/FreeRTOS-Kernel/tasks.c.o
 .text.prvCreateTask
                0x10005598      0x130 CMakeFiles/hcsr04.dir/home/arthur/2025.1/rtos/FreeRTOS-Kernel/tasks.c.o
 .text.prvIdleTask
                0x100056c8       0x60 CMakeFiles/hcsr04.dir/home/arthur/2025.1/rtos/FreeRTOS-Kernel/tasks.c.o
 .text.xTaskIncrementTick.part.0
                0x10005728      0x190 CMakeFiles/hcsr04.dir/home/arthur/2025.1/rtos/FreeRTOS-Kernel/tasks.c.o
 .text.xTaskCreate
                0x100058b8       0x24 CMakeFiles/hcsr04.dir/home/arthur/2025.1/rtos/FreeRTOS-Kernel/tasks.c.o
                0x100058b8                xTaskCreate
 .text.vTaskStartScheduler
                0x100058dc       0x74 CMakeFiles/hcsr04.dir/home/arthur/2025.1/rtos/FreeRTOS-Kernel/tasks.c.o
                0x100058dc                vTaskStartScheduler
 .text.vTaskSuspendAll
                0x10005950       0x10 CMakeFiles/hcsr04.dir/home/arthur/2025.1/rtos/FreeRTOS-Kernel/tasks.c.o
                0x10005950                vTaskSuspendAll
 .text.xTaskResumeAll
                0x10005960      0x188 CMakeFiles/hcsr04.dir/home/arthur/2025.1/rtos/FreeRTOS-Kernel/tasks.c.o
                0x10005960                xTaskResumeAll
 .text.vTaskDelay
                0x10005ae8       0x84 CMakeFiles/hcsr04.dir/home/arthur/2025.1/rtos/FreeRTOS-Kernel/tasks.c.o
                0x10005ae8                vTaskDelay
 .text.xTaskGetTickCount
                0x10005b6c        0xc CMakeFiles/hcsr04.dir/home/arthur/2025.1/rtos/FreeRTOS-Kernel/tasks.c.o
                0x10005b6c                xTaskGetTickCount
 .text.uxTaskGetNumberOfTasks
                0x10005b78        0xc CMakeFiles/hcsr04.dir/home/arthur/2025.1/rtos/FreeRTOS-Kernel/tasks.c.o
                0x10005b78                uxTaskGetNumberOfTasks
 .text.xTaskIncrementTick
                0x10005b84       0x24 CMakeFiles/hcsr04.dir/home/arthur/2025.1/rtos/FreeRTOS-Kernel/tasks.c.o
                0x10005b84                xTaskIncrementTick
 .text.vTaskSwitchContext
                0x10005ba8       0x7c CMakeFiles/hcsr04.dir/home/arthur/2025.1/rtos/FreeRTOS-Kernel/tasks.c.o
                0x10005ba8                vTaskSwitchContext
 .text.vTaskPlaceOnEventList
                0x10005c24       0xa0 CMakeFiles/hcsr04.dir/home/arthur/2025.1/rtos/FreeRTOS-Kernel/tasks.c.o
                0x10005c24                vTaskPlaceOnEventList
 .text.vTaskPlaceOnUnorderedEventList
                0x10005cc4       0xc4 CMakeFiles/hcsr04.dir/home/arthur/2025.1/rtos/FreeRTOS-Kernel/tasks.c.o
                0x10005cc4                vTaskPlaceOnUnorderedEventList
 .text.vTaskPlaceOnEventListRestricted
                0x10005d88       0xf4 CMakeFiles/hcsr04.dir/home/arthur/2025.1/rtos/FreeRTOS-Kernel/tasks.c.o
                0x10005d88                vTaskPlaceOnEventListRestricted
 .text.xTaskRemoveFromEventList
                0x10005e7c       0xcc CMakeFiles/hcsr04.dir/home/arthur/2025.1/rtos/FreeRTOS-Kernel/tasks.c.o
                0x10005e7c                xTaskRemoveFromEventList
 .text.vTaskRemoveFromUnorderedEventList
                0x10005f48       0x94 CMakeFiles/hcsr04.dir/home/arthur/2025.1/rtos/FreeRTOS-Kernel/tasks.c.o
                0x10005f48                vTaskRemoveFromUnorderedEventList
 .text.vTaskInternalSetTimeOutState
                0x10005fdc       0x18 CMakeFiles/hcsr04.dir/home/arthur/2025.1/rtos/FreeRTOS-Kernel/tasks.c.o
                0x10005fdc                vTaskInternalSetTimeOutState
 .text.xTaskCheckForTimeOut
                0x10005ff4       0x74 CMakeFiles/hcsr04.dir/home/arthur/2025.1/rtos/FreeRTOS-Kernel/tasks.c.o
                0x10005ff4                xTaskCheckForTimeOut
 .text.vTaskMissedYield
                0x10006068        0xc CMakeFiles/hcsr04.dir/home/arthur/2025.1/rtos/FreeRTOS-Kernel/tasks.c.o
                0x10006068                vTaskMissedYield
 .text.xTaskGetCurrentTaskHandle
                0x10006074        0xc CMakeFiles/hcsr04.dir/home/arthur/2025.1/rtos/FreeRTOS-Kernel/tasks.c.o
                0x10006074                xTaskGetCurrentTaskHandle
 .text.xTaskPriorityInherit
                0x10006080       0x94 CMakeFiles/hcsr04.dir/home/arthur/2025.1/rtos/FreeRTOS-Kernel/tasks.c.o
                0x10006080                xTaskPriorityInherit
 .text.xTaskPriorityDisinherit
                0x10006114       0x64 CMakeFiles/hcsr04.dir/home/arthur/2025.1/rtos/FreeRTOS-Kernel/tasks.c.o
                0x10006114                xTaskPriorityDisinherit
 .text.vTaskPriorityDisinheritAfterTimeout
                0x10006178       0x7c CMakeFiles/hcsr04.dir/home/arthur/2025.1/rtos/FreeRTOS-Kernel/tasks.c.o
                0x10006178                vTaskPriorityDisinheritAfterTimeout
 .text.uxTaskResetEventItemValue
                0x100061f4       0x18 CMakeFiles/hcsr04.dir/home/arthur/2025.1/rtos/FreeRTOS-Kernel/tasks.c.o
                0x100061f4                uxTaskResetEventItemValue
 .text.pvTaskIncrementMutexHeldCount
                0x1000620c       0x14 CMakeFiles/hcsr04.dir/home/arthur/2025.1/rtos/FreeRTOS-Kernel/tasks.c.o
                0x1000620c                pvTaskIncrementMutexHeldCount
 .text.prvTimerTask
                0x10006220      0x3b4 CMakeFiles/hcsr04.dir/home/arthur/2025.1/rtos/FreeRTOS-Kernel/timers.c.o
 .text.xTimerCreateTimerTask
                0x100065d4       0x8c CMakeFiles/hcsr04.dir/home/arthur/2025.1/rtos/FreeRTOS-Kernel/timers.c.o
                0x100065d4                xTimerCreateTimerTask
 .text.xTimerPendFunctionCallFromISR
                0x10006660       0x28 CMakeFiles/hcsr04.dir/home/arthur/2025.1/rtos/FreeRTOS-Kernel/timers.c.o
                0x10006660                xTimerPendFunctionCallFromISR
 .text.exception_set_exclusive_handler
                0x10006688       0x48 CMakeFiles/hcsr04.dir/home/arthur/2025.1/rtos/pico-sdk/src/rp2_common/hardware_exception/exception.c.o
                0x10006688                exception_set_exclusive_handler
 .text.pvPortMalloc
                0x100066d0      0x124 CMakeFiles/hcsr04.dir/home/arthur/2025.1/rtos/FreeRTOS-Kernel/portable/MemMang/heap_4.c.o
                0x100066d0                pvPortMalloc
 .text.vPortFree
                0x100067f4       0x98 CMakeFiles/hcsr04.dir/home/arthur/2025.1/rtos/FreeRTOS-Kernel/portable/MemMang/heap_4.c.o
                0x100067f4                vPortFree
 .text.startup._retrieve_unique_id_on_boot
                0x1000688c       0x10 CMakeFiles/hcsr04.dir/home/arthur/2025.1/rtos/pico-sdk/src/rp2_common/pico_unique_id/unique_id.c.o
 .text.pico_get_unique_board_id_string
                0x1000689c      0x1a8 CMakeFiles/hcsr04.dir/home/arthur/2025.1/rtos/pico-sdk/src/rp2_common/pico_unique_id/unique_id.c.o
                0x1000689c                pico_get_unique_board_id_string
 .text.flash_get_unique_id
                0x10006a44       0x3c CMakeFiles/hcsr04.dir/home/arthur/2025.1/rtos/pico-sdk/src/rp2_common/hardware_flash/flash.c.o
                0x10006a44                flash_get_unique_id
 .text.resetd_init
                0x10006a80        0x4 CMakeFiles/hcsr04.dir/home/arthur/2025.1/rtos/pico-sdk/src/rp2_common/pico_stdio_usb/reset_interface.c.o
 .text.resetd_reset
                0x10006a84        0xc CMakeFiles/hcsr04.dir/home/arthur/2025.1/rtos/pico-sdk/src/rp2_common/pico_stdio_usb/reset_interface.c.o
 .text.resetd_open
                0x10006a90       0x28 CMakeFiles/hcsr04.dir/home/arthur/2025.1/rtos/pico-sdk/src/rp2_common/pico_stdio_usb/reset_interface.c.o
 .text.resetd_xfer_cb
                0x10006ab8        0x4 CMakeFiles/hcsr04.dir/home/arthur/2025.1/rtos/pico-sdk/src/rp2_common/pico_stdio_usb/reset_interface.c.o
 .text.resetd_control_xfer_cb
                0x10006abc       0x5c CMakeFiles/hcsr04.dir/home/arthur/2025.1/rtos/pico-sdk/src/rp2_common/pico_stdio_usb/reset_interface.c.o
 .text.tud_descriptor_bos_cb
                0x10006b18        0x8 CMakeFiles/hcsr04.dir/home/arthur/2025.1/rtos/pico-sdk/src/rp2_common/pico_stdio_usb/reset_interface.c.o
                0x10006b18                tud_descriptor_bos_cb
 .text.tud_vendor_control_xfer_cb
                0x10006b20       0x34 CMakeFiles/hcsr04.dir/home/arthur/2025.1/rtos/pico-sdk/src/rp2_common/pico_stdio_usb/reset_interface.c.o
                0x10006b20                tud_vendor_control_xfer_cb
 .text.usbd_app_driver_get_cb
                0x10006b54        0xc CMakeFiles/hcsr04.dir/home/arthur/2025.1/rtos/pico-sdk/src/rp2_common/pico_stdio_usb/reset_interface.c.o
                0x10006b54                usbd_app_driver_get_cb
 .text.tud_cdc_line_coding_cb
                0x10006b60       0x2c CMakeFiles/hcsr04.dir/home/arthur/2025.1/rtos/pico-sdk/src/rp2_common/pico_stdio_usb/reset_interface.c.o
                0x10006b60                tud_cdc_line_coding_cb
 .text.stdio_usb_set_chars_available_callback
                0x10006b8c       0x14 CMakeFiles/hcsr04.dir/home/arthur/2025.1/rtos/pico-sdk/src/rp2_common/pico_stdio_usb/stdio_usb.c.o
                0x10006b8c                stdio_usb_set_chars_available_callback
 .text.usb_irq  0x10006ba0       0x10 CMakeFiles/hcsr04.dir/home/arthur/2025.1/rtos/pico-sdk/src/rp2_common/pico_stdio_usb/stdio_usb.c.o
 .text.timer_task
                0x10006bb0       0x64 CMakeFiles/hcsr04.dir/home/arthur/2025.1/rtos/pico-sdk/src/rp2_common/pico_stdio_usb/stdio_usb.c.o
 .text.stdio_usb_in_chars
                0x10006c14       0x90 CMakeFiles/hcsr04.dir/home/arthur/2025.1/rtos/pico-sdk/src/rp2_common/pico_stdio_usb/stdio_usb.c.o
                0x10006c14                stdio_usb_in_chars
 .text.stdio_usb_out_flush
                0x10006ca4       0x50 CMakeFiles/hcsr04.dir/home/arthur/2025.1/rtos/pico-sdk/src/rp2_common/pico_stdio_usb/stdio_usb.c.o
 .text.stdio_usb_out_chars
                0x10006cf4      0x104 CMakeFiles/hcsr04.dir/home/arthur/2025.1/rtos/pico-sdk/src/rp2_common/pico_stdio_usb/stdio_usb.c.o
 .text.low_priority_worker_irq
                0x10006df8       0xcc CMakeFiles/hcsr04.dir/home/arthur/2025.1/rtos/pico-sdk/src/rp2_common/pico_stdio_usb/stdio_usb.c.o
 .text.stdio_usb_init
                0x10006ec4       0xec CMakeFiles/hcsr04.dir/home/arthur/2025.1/rtos/pico-sdk/src/rp2_common/pico_stdio_usb/stdio_usb.c.o
                0x10006ec4                stdio_usb_init
 .text.tud_descriptor_device_cb
                0x10006fb0        0x8 CMakeFiles/hcsr04.dir/home/arthur/2025.1/rtos/pico-sdk/src/rp2_common/pico_stdio_usb/stdio_usb_descriptors.c.o
                0x10006fb0                tud_descriptor_device_cb
 .text.tud_descriptor_configuration_cb
                0x10006fb8        0x8 CMakeFiles/hcsr04.dir/home/arthur/2025.1/rtos/pico-sdk/src/rp2_common/pico_stdio_usb/stdio_usb_descriptors.c.o
                0x10006fb8                tud_descriptor_configuration_cb
 .text.tud_descriptor_string_cb
                0x10006fc0       0x78 CMakeFiles/hcsr04.dir/home/arthur/2025.1/rtos/pico-sdk/src/rp2_common/pico_stdio_usb/stdio_usb_descriptors.c.o
                0x10006fc0                tud_descriptor_string_cb
 .text.dcd_init
                0x10007038       0x90 CMakeFiles/hcsr04.dir/home/arthur/2025.1/rtos/pico-sdk/lib/tinyusb/src/portable/raspberrypi/rp2040/dcd_rp2040.c.o
                0x10007038                dcd_init
 .text.dcd_int_enable
                0x100070c8        0xc CMakeFiles/hcsr04.dir/home/arthur/2025.1/rtos/pico-sdk/lib/tinyusb/src/portable/raspberrypi/rp2040/dcd_rp2040.c.o
                0x100070c8                dcd_int_enable
 .text.dcd_set_address
                0x100070d4       0x14 CMakeFiles/hcsr04.dir/home/arthur/2025.1/rtos/pico-sdk/lib/tinyusb/src/portable/raspberrypi/rp2040/dcd_rp2040.c.o
                0x100070d4                dcd_set_address
 .text.dcd_sof_enable
                0x100070e8       0x1c CMakeFiles/hcsr04.dir/home/arthur/2025.1/rtos/pico-sdk/lib/tinyusb/src/portable/raspberrypi/rp2040/dcd_rp2040.c.o
                0x100070e8                dcd_sof_enable
 .text.dcd_edpt0_status_complete
                0x10007104       0x1c CMakeFiles/hcsr04.dir/home/arthur/2025.1/rtos/pico-sdk/lib/tinyusb/src/portable/raspberrypi/rp2040/dcd_rp2040.c.o
                0x10007104                dcd_edpt0_status_complete
 .text.dcd_edpt_open
                0x10007120      0x114 CMakeFiles/hcsr04.dir/home/arthur/2025.1/rtos/pico-sdk/lib/tinyusb/src/portable/raspberrypi/rp2040/dcd_rp2040.c.o
                0x10007120                dcd_edpt_open
 .text.dcd_edpt_close_all
                0x10007234        0x8 CMakeFiles/hcsr04.dir/home/arthur/2025.1/rtos/pico-sdk/lib/tinyusb/src/portable/raspberrypi/rp2040/dcd_rp2040.c.o
                0x10007234                dcd_edpt_close_all
 .text.dcd_edpt_xfer
                0x1000723c       0x24 CMakeFiles/hcsr04.dir/home/arthur/2025.1/rtos/pico-sdk/lib/tinyusb/src/portable/raspberrypi/rp2040/dcd_rp2040.c.o
                0x1000723c                dcd_edpt_xfer
 .text.dcd_edpt_stall
                0x10007260       0x34 CMakeFiles/hcsr04.dir/home/arthur/2025.1/rtos/pico-sdk/lib/tinyusb/src/portable/raspberrypi/rp2040/dcd_rp2040.c.o
                0x10007260                dcd_edpt_stall
 .text.dcd_edpt_clear_stall
                0x10007294       0x30 CMakeFiles/hcsr04.dir/home/arthur/2025.1/rtos/pico-sdk/lib/tinyusb/src/portable/raspberrypi/rp2040/dcd_rp2040.c.o
                0x10007294                dcd_edpt_clear_stall
 .text.rp2040_usb_init
                0x100072c4       0x40 CMakeFiles/hcsr04.dir/home/arthur/2025.1/rtos/pico-sdk/lib/tinyusb/src/portable/raspberrypi/rp2040/rp2040_usb.c.o
                0x100072c4                rp2040_usb_init
 .text.hw_endpoint_xfer_start
                0x10007304       0x40 CMakeFiles/hcsr04.dir/home/arthur/2025.1/rtos/pico-sdk/lib/tinyusb/src/portable/raspberrypi/rp2040/rp2040_usb.c.o
                0x10007304                hw_endpoint_xfer_start
 .text.tud_event_hook_cb
                0x10007344        0x4 CMakeFiles/hcsr04.dir/home/arthur/2025.1/rtos/pico-sdk/lib/tinyusb/src/device/usbd.c.o
                0x10007344                tud_event_hook_cb
 .text.tud_sof_cb
                0x10007348        0x4 CMakeFiles/hcsr04.dir/home/arthur/2025.1/rtos/pico-sdk/lib/tinyusb/src/device/usbd.c.o
                0x10007348                tud_sof_cb
 .text.tud_descriptor_device_qualifier_cb
                0x1000734c        0x4 CMakeFiles/hcsr04.dir/home/arthur/2025.1/rtos/pico-sdk/lib/tinyusb/src/device/usbd.c.o
                0x1000734c                tud_descriptor_device_qualifier_cb
 .text.tud_descriptor_other_speed_configuration_cb
                0x10007350        0x4 CMakeFiles/hcsr04.dir/home/arthur/2025.1/rtos/pico-sdk/lib/tinyusb/src/device/usbd.c.o
                0x10007350                tud_descriptor_other_speed_configuration_cb
 .text.tud_mount_cb
                0x10007354        0x4 CMakeFiles/hcsr04.dir/home/arthur/2025.1/rtos/pico-sdk/lib/tinyusb/src/device/usbd.c.o
                0x10007354                tud_mount_cb
 .text.tud_umount_cb
                0x10007358        0x4 CMakeFiles/hcsr04.dir/home/arthur/2025.1/rtos/pico-sdk/lib/tinyusb/src/device/usbd.c.o
                0x10007358                tud_umount_cb
 .text.tud_suspend_cb
                0x1000735c        0x4 CMakeFiles/hcsr04.dir/home/arthur/2025.1/rtos/pico-sdk/lib/tinyusb/src/device/usbd.c.o
                0x1000735c                tud_suspend_cb
 .text.tud_resume_cb
                0x10007360        0x4 CMakeFiles/hcsr04.dir/home/arthur/2025.1/rtos/pico-sdk/lib/tinyusb/src/device/usbd.c.o
                0x10007360                tud_resume_cb
 .text.tud_mounted
                0x10007364       0x10 CMakeFiles/hcsr04.dir/home/arthur/2025.1/rtos/pico-sdk/lib/tinyusb/src/device/usbd.c.o
                0x10007364                tud_mounted
 .text.tud_suspended
                0x10007374       0x10 CMakeFiles/hcsr04.dir/home/arthur/2025.1/rtos/pico-sdk/lib/tinyusb/src/device/usbd.c.o
                0x10007374                tud_suspended
 .text.tud_rhport_init
                0x10007384       0xfc CMakeFiles/hcsr04.dir/home/arthur/2025.1/rtos/pico-sdk/lib/tinyusb/src/device/usbd.c.o
                0x10007384                tud_rhport_init
 .text.tud_task_ext
                0x10007480      0x800 CMakeFiles/hcsr04.dir/home/arthur/2025.1/rtos/pico-sdk/lib/tinyusb/src/device/usbd.c.o
                0x10007480                tud_task_ext
 .text.usbd_open_edpt_pair
                0x10007c80       0x9c CMakeFiles/hcsr04.dir/home/arthur/2025.1/rtos/pico-sdk/lib/tinyusb/src/device/usbd.c.o
                0x10007c80                usbd_open_edpt_pair
 .text.usbd_edpt_open
                0x10007d1c       0x34 CMakeFiles/hcsr04.dir/home/arthur/2025.1/rtos/pico-sdk/lib/tinyusb/src/device/usbd.c.o
                0x10007d1c                usbd_edpt_open
 .text.usbd_edpt_claim
                0x10007d50       0x28 CMakeFiles/hcsr04.dir/home/arthur/2025.1/rtos/pico-sdk/lib/tinyusb/src/device/usbd.c.o
                0x10007d50                usbd_edpt_claim
 .text.usbd_edpt_release
                0x10007d78       0x28 CMakeFiles/hcsr04.dir/home/arthur/2025.1/rtos/pico-sdk/lib/tinyusb/src/device/usbd.c.o
                0x10007d78                usbd_edpt_release
 .text.usbd_edpt_xfer
                0x10007da0       0x4c CMakeFiles/hcsr04.dir/home/arthur/2025.1/rtos/pico-sdk/lib/tinyusb/src/device/usbd.c.o
                0x10007da0                usbd_edpt_xfer
 .text.tud_control_status
                0x10007dec       0x2c CMakeFiles/hcsr04.dir/home/arthur/2025.1/rtos/pico-sdk/lib/tinyusb/src/device/usbd_control.c.o
                0x10007dec                tud_control_status
 .text.tud_control_xfer
                0x10007e18       0xac CMakeFiles/hcsr04.dir/home/arthur/2025.1/rtos/pico-sdk/lib/tinyusb/src/device/usbd_control.c.o
                0x10007e18                tud_control_xfer
 .text.usbd_control_reset
                0x10007ec4       0x14 CMakeFiles/hcsr04.dir/home/arthur/2025.1/rtos/pico-sdk/lib/tinyusb/src/device/usbd_control.c.o
                0x10007ec4                usbd_control_reset
 .text.usbd_control_set_complete_callback
                0x10007ed8        0xc CMakeFiles/hcsr04.dir/home/arthur/2025.1/rtos/pico-sdk/lib/tinyusb/src/device/usbd_control.c.o
                0x10007ed8                usbd_control_set_complete_callback
 .text.usbd_control_set_request
                0x10007ee4       0x1c CMakeFiles/hcsr04.dir/home/arthur/2025.1/rtos/pico-sdk/lib/tinyusb/src/device/usbd_control.c.o
                0x10007ee4                usbd_control_set_request
 .text.usbd_control_xfer_cb
                0x10007f00       0xec CMakeFiles/hcsr04.dir/home/arthur/2025.1/rtos/pico-sdk/lib/tinyusb/src/device/usbd_control.c.o
                0x10007f00                usbd_control_xfer_cb
 .text._prep_out_transaction.isra.0
                0x10007fec       0x6c CMakeFiles/hcsr04.dir/home/arthur/2025.1/rtos/pico-sdk/lib/tinyusb/src/class/cdc/cdc_device.c.o
 .text.tud_cdc_n_connected
                0x10008058       0x2c CMakeFiles/hcsr04.dir/home/arthur/2025.1/rtos/pico-sdk/lib/tinyusb/src/class/cdc/cdc_device.c.o
                0x10008058                tud_cdc_n_connected
 .text.tud_cdc_n_available
                0x10008084       0x14 CMakeFiles/hcsr04.dir/home/arthur/2025.1/rtos/pico-sdk/lib/tinyusb/src/class/cdc/cdc_device.c.o
                0x10008084                tud_cdc_n_available
 .text.tud_cdc_n_read
                0x10008098       0x94 CMakeFiles/hcsr04.dir/home/arthur/2025.1/rtos/pico-sdk/lib/tinyusb/src/class/cdc/cdc_device.c.o
                0x10008098                tud_cdc_n_read
 .text.tud_cdc_n_write_flush
                0x1000812c       0x74 CMakeFiles/hcsr04.dir/home/arthur/2025.1/rtos/pico-sdk/lib/tinyusb/src/class/cdc/cdc_device.c.o
                0x1000812c                tud_cdc_n_write_flush
 .text.tud_cdc_n_write
                0x100081a0       0x40 CMakeFiles/hcsr04.dir/home/arthur/2025.1/rtos/pico-sdk/lib/tinyusb/src/class/cdc/cdc_device.c.o
                0x100081a0                tud_cdc_n_write
 .text.tud_cdc_n_write_available
                0x100081e0       0x14 CMakeFiles/hcsr04.dir/home/arthur/2025.1/rtos/pico-sdk/lib/tinyusb/src/class/cdc/cdc_device.c.o
                0x100081e0                tud_cdc_n_write_available
 .text.cdcd_init
                0x100081f4       0x70 CMakeFiles/hcsr04.dir/home/arthur/2025.1/rtos/pico-sdk/lib/tinyusb/src/class/cdc/cdc_device.c.o
                0x100081f4                cdcd_init
 .text.cdcd_deinit
                0x10008264       0x34 CMakeFiles/hcsr04.dir/home/arthur/2025.1/rtos/pico-sdk/lib/tinyusb/src/class/cdc/cdc_device.c.o
                0x10008264                cdcd_deinit
 .text.cdcd_reset
                0x10008298       0x4c CMakeFiles/hcsr04.dir/home/arthur/2025.1/rtos/pico-sdk/lib/tinyusb/src/class/cdc/cdc_device.c.o
                0x10008298                cdcd_reset
 .text.cdcd_open
                0x100082e4       0xa8 CMakeFiles/hcsr04.dir/home/arthur/2025.1/rtos/pico-sdk/lib/tinyusb/src/class/cdc/cdc_device.c.o
                0x100082e4                cdcd_open
 .text.cdcd_control_xfer_cb
                0x1000838c       0xe8 CMakeFiles/hcsr04.dir/home/arthur/2025.1/rtos/pico-sdk/lib/tinyusb/src/class/cdc/cdc_device.c.o
                0x1000838c                cdcd_control_xfer_cb
 .text.cdcd_xfer_cb
                0x10008474      0x100 CMakeFiles/hcsr04.dir/home/arthur/2025.1/rtos/pico-sdk/lib/tinyusb/src/class/cdc/cdc_device.c.o
                0x10008474                cdcd_xfer_cb
 .text.vendord_init
                0x10008574       0x5c CMakeFiles/hcsr04.dir/home/arthur/2025.1/rtos/pico-sdk/lib/tinyusb/src/class/vendor/vendor_device.c.o
                0x10008574                vendord_init
 .text.vendord_deinit
                0x100085d0       0x1c CMakeFiles/hcsr04.dir/home/arthur/2025.1/rtos/pico-sdk/lib/tinyusb/src/class/vendor/vendor_device.c.o
                0x100085d0                vendord_deinit
 .text.vendord_reset
                0x100085ec       0x28 CMakeFiles/hcsr04.dir/home/arthur/2025.1/rtos/pico-sdk/lib/tinyusb/src/class/vendor/vendor_device.c.o
                0x100085ec                vendord_reset
 .text.vendord_open
                0x10008614      0x128 CMakeFiles/hcsr04.dir/home/arthur/2025.1/rtos/pico-sdk/lib/tinyusb/src/class/vendor/vendor_device.c.o
                0x10008614                vendord_open
 .text.vendord_xfer_cb
                0x1000873c       0x9c CMakeFiles/hcsr04.dir/home/arthur/2025.1/rtos/pico-sdk/lib/tinyusb/src/class/vendor/vendor_device.c.o
                0x1000873c                vendord_xfer_cb
 .text.tusb_rhport_init
                0x100087d8       0x48 CMakeFiles/hcsr04.dir/home/arthur/2025.1/rtos/pico-sdk/lib/tinyusb/src/tusb.c.o
                0x100087d8                tusb_rhport_init
 .text.tu_edpt_claim
                0x10008820       0x50 CMakeFiles/hcsr04.dir/home/arthur/2025.1/rtos/pico-sdk/lib/tinyusb/src/tusb.c.o
                0x10008820                tu_edpt_claim
 .text.tu_edpt_release
                0x10008870       0x38 CMakeFiles/hcsr04.dir/home/arthur/2025.1/rtos/pico-sdk/lib/tinyusb/src/tusb.c.o
                0x10008870                tu_edpt_release
 .text.tu_edpt_validate
                0x100088a8       0x7c CMakeFiles/hcsr04.dir/home/arthur/2025.1/rtos/pico-sdk/lib/tinyusb/src/tusb.c.o
                0x100088a8                tu_edpt_validate
 .text.tu_edpt_bind_driver
                0x10008924       0x34 CMakeFiles/hcsr04.dir/home/arthur/2025.1/rtos/pico-sdk/lib/tinyusb/src/tusb.c.o
                0x10008924                tu_edpt_bind_driver
 .text.tu_edpt_stream_init
                0x10008958       0x6c CMakeFiles/hcsr04.dir/home/arthur/2025.1/rtos/pico-sdk/lib/tinyusb/src/tusb.c.o
                0x10008958                tu_edpt_stream_init
 .text.tu_edpt_stream_deinit
                0x100089c4        0x4 CMakeFiles/hcsr04.dir/home/arthur/2025.1/rtos/pico-sdk/lib/tinyusb/src/tusb.c.o
                0x100089c4                tu_edpt_stream_deinit
 .text.tu_edpt_stream_write_zlp_if_needed
                0x100089c8       0x68 CMakeFiles/hcsr04.dir/home/arthur/2025.1/rtos/pico-sdk/lib/tinyusb/src/tusb.c.o
                0x100089c8                tu_edpt_stream_write_zlp_if_needed
 .text.tu_edpt_stream_write_xfer
                0x10008a30       0x64 CMakeFiles/hcsr04.dir/home/arthur/2025.1/rtos/pico-sdk/lib/tinyusb/src/tusb.c.o
                0x10008a30                tu_edpt_stream_write_xfer
 .text.tu_edpt_stream_read_xfer
                0x10008a94       0xdc CMakeFiles/hcsr04.dir/home/arthur/2025.1/rtos/pico-sdk/lib/tinyusb/src/tusb.c.o
                0x10008a94                tu_edpt_stream_read_xfer
 .text.tu_fifo_config
                0x10008b70       0x6c CMakeFiles/hcsr04.dir/home/arthur/2025.1/rtos/pico-sdk/lib/tinyusb/src/common/tusb_fifo.c.o
                0x10008b70                tu_fifo_config
 .text.tu_fifo_count
                0x10008bdc       0x2c CMakeFiles/hcsr04.dir/home/arthur/2025.1/rtos/pico-sdk/lib/tinyusb/src/common/tusb_fifo.c.o
                0x10008bdc                tu_fifo_count
 .text.tu_fifo_empty
                0x10008c08       0x10 CMakeFiles/hcsr04.dir/home/arthur/2025.1/rtos/pico-sdk/lib/tinyusb/src/common/tusb_fifo.c.o
                0x10008c08                tu_fifo_empty
 .text.tu_fifo_remaining
                0x10008c18       0x2c CMakeFiles/hcsr04.dir/home/arthur/2025.1/rtos/pico-sdk/lib/tinyusb/src/common/tusb_fifo.c.o
                0x10008c18                tu_fifo_remaining
 .text.tu_fifo_read
                0x10008c44       0x9c CMakeFiles/hcsr04.dir/home/arthur/2025.1/rtos/pico-sdk/lib/tinyusb/src/common/tusb_fifo.c.o
                0x10008c44                tu_fifo_read
 .text.tu_fifo_read_n
                0x10008ce0       0xe8 CMakeFiles/hcsr04.dir/home/arthur/2025.1/rtos/pico-sdk/lib/tinyusb/src/common/tusb_fifo.c.o
                0x10008ce0                tu_fifo_read_n
 .text.tu_fifo_write
                0x10008dc8       0xa8 CMakeFiles/hcsr04.dir/home/arthur/2025.1/rtos/pico-sdk/lib/tinyusb/src/common/tusb_fifo.c.o
                0x10008dc8                tu_fifo_write
 .text.tu_fifo_write_n
                0x10008e70      0x178 CMakeFiles/hcsr04.dir/home/arthur/2025.1/rtos/pico-sdk/lib/tinyusb/src/common/tusb_fifo.c.o
                0x10008e70                tu_fifo_write_n
 .text.tu_fifo_clear
                0x10008fe8       0x40 CMakeFiles/hcsr04.dir/home/arthur/2025.1/rtos/pico-sdk/lib/tinyusb/src/common/tusb_fifo.c.o
                0x10008fe8                tu_fifo_clear
 .text.tu_fifo_set_overwritable
                0x10009028       0x48 CMakeFiles/hcsr04.dir/home/arthur/2025.1/rtos/pico-sdk/lib/tinyusb/src/common/tusb_fifo.c.o
                0x10009028                tu_fifo_set_overwritable
 .text          0x10009070       0x10 /usr/lib/gcc/arm-none-eabi/13.2.1/../../../arm-none-eabi/lib/thumb/v6-m/nofp/libg.a(libc_a-atexit.o)
                0x10009070                atexit
 .text          0x10009080       0x5c /usr/lib/gcc/arm-none-eabi/13.2.1/../../../arm-none-eabi/lib/thumb/v6-m/nofp/libg.a(libc_a-strlen-stub.o)
                0x10009080                strlen
 .text          0x100090dc       0x28 /usr/lib/gcc/arm-none-eabi/13.2.1/../../../arm-none-eabi/lib/thumb/v6-m/nofp/libg.a(libc_a-fini.o)
                0x100090dc                __libc_fini_array
 .text          0x10009104       0x78 /usr/lib/gcc/arm-none-eabi/13.2.1/../../../arm-none-eabi/lib/thumb/v6-m/nofp/libg.a(libc_a-__atexit.o)
                0x10009104                __register_exitproc
 .text.startup  0x1000917c       0x18 /usr/lib/gcc/arm-none-eabi/13.2.1/../../../arm-none-eabi/lib/thumb/v6-m/nofp/libg.a(libc_a-__call_atexit.o)
 *(.fini)
 .fini          0x10009194        0x4 /usr/lib/gcc/arm-none-eabi/13.2.1/thumb/v6-m/nofp/crti.o
                0x10009194                _fini
 .fini.__stub   0x10009198       0xc0 linker stubs
 *crtbegin.o(.ctors)
 *crtbegin?.o(.ctors)
 *(EXCLUDE_FILE(*crtend.o *crtend?.o) .ctors)
 *(SORT_BY_NAME(.ctors.*))
 *(.ctors)
 *crtbegin.o(.dtors)
 *crtbegin?.o(.dtors)
 *(EXCLUDE_FILE(*crtend.o *crtend?.o) .dtors)
 *(SORT_BY_NAME(.dtors.*))
 *(.dtors)
                0x10009258                        . = ALIGN (0x4)
                0x10009258                        PROVIDE (__preinit_array_start = .)
 *(SORT_BY_NAME(.preinit_array.*))
 .preinit_array.00100
                0x10009258        0x4 CMakeFiles/hcsr04.dir/home/arthur/2025.1/rtos/pico-sdk/src/rp2_common/pico_runtime_init/runtime_init.c.o
                0x10009258                __pre_init_runtime_init_early_resets
 .preinit_array.00101
                0x1000925c        0x4 CMakeFiles/hcsr04.dir/home/arthur/2025.1/rtos/pico-sdk/src/rp2_common/pico_runtime_init/runtime_init.c.o
                0x1000925c                __pre_init_runtime_init_usb_power_down
 .preinit_array.00275
                0x10009260        0x4 CMakeFiles/hcsr04.dir/home/arthur/2025.1/rtos/pico-sdk/src/rp2_common/pico_bit_ops/bit_ops_aeabi.S.o
 .preinit_array.00300
                0x10009264        0x4 CMakeFiles/hcsr04.dir/home/arthur/2025.1/rtos/pico-sdk/src/rp2_common/pico_mem_ops/mem_ops_aeabi.S.o
 .preinit_array.00350
                0x10009268        0x4 CMakeFiles/hcsr04.dir/home/arthur/2025.1/rtos/pico-sdk/src/rp2_common/pico_double/double_aeabi_rp2040.S.o
 .preinit_array.00350
                0x1000926c        0x4 CMakeFiles/hcsr04.dir/home/arthur/2025.1/rtos/pico-sdk/src/rp2_common/pico_float/float_aeabi_rp2040.S.o
 .preinit_array.00500
                0x10009270        0x4 CMakeFiles/hcsr04.dir/home/arthur/2025.1/rtos/pico-sdk/src/rp2_common/pico_runtime_init/runtime_init.c.o
                0x10009270                __pre_init_runtime_init_clocks
 .preinit_array.00600
                0x10009274        0x4 CMakeFiles/hcsr04.dir/home/arthur/2025.1/rtos/pico-sdk/src/rp2_common/pico_runtime_init/runtime_init.c.o
                0x10009274                __pre_init_runtime_init_post_clock_resets
 .preinit_array.00700
                0x10009278        0x4 CMakeFiles/hcsr04.dir/home/arthur/2025.1/rtos/pico-sdk/src/rp2_common/pico_runtime_init/runtime_init.c.o
                0x10009278                __pre_init_runtime_init_rp2040_gpio_ie_disable
 .preinit_array.01000
                0x1000927c        0x4 CMakeFiles/hcsr04.dir/home/arthur/2025.1/rtos/pico-sdk/src/rp2_common/pico_runtime_init/runtime_init.c.o
                0x1000927c                __pre_init_runtime_init_spin_locks_reset
 .preinit_array.01100
                0x10009280        0x4 CMakeFiles/hcsr04.dir/home/arthur/2025.1/rtos/pico-sdk/src/common/pico_sync/mutex.c.o
                0x10009280                __pre_init_runtime_init_mutex
 .preinit_array.10080
                0x10009284        0x4 CMakeFiles/hcsr04.dir/home/arthur/2025.1/rtos/pico-sdk/src/rp2_common/pico_runtime_init/runtime_init.c.o
                0x10009284                __pre_init_runtime_init_install_ram_vector_table
 .preinit_array.11000
                0x10009288        0x4 CMakeFiles/hcsr04.dir/home/arthur/2025.1/rtos/pico-sdk/src/common/pico_time/time.c.o
                0x10009288                __pre_init_runtime_init_default_alarm_pool
 .preinit_array.YYYYY
                0x1000928c        0x4 CMakeFiles/hcsr04.dir/home/arthur/2025.1/rtos/pico-sdk/src/rp2_common/pico_runtime/runtime.c.o
                0x1000928c                __pre_init_first_per_core_initializer
 .preinit_array.ZZZZZ.01200
                0x10009290        0x4 CMakeFiles/hcsr04.dir/home/arthur/2025.1/rtos/pico-sdk/src/rp2_common/hardware_irq/irq.c.o
                0x10009290                __pre_init_runtime_init_per_core_irq_priorities
 *(.preinit_array)
                0x10009294                        PROVIDE (__preinit_array_end = .)
                0x10009294                        . = ALIGN (0x4)
                0x10009294                        PROVIDE (__init_array_start = .)
 *(SORT_BY_NAME(.init_array.*))
 .init_array.00000
                0x10009294        0x4 /usr/lib/gcc/arm-none-eabi/13.2.1/../../../arm-none-eabi/lib/thumb/v6-m/nofp/libg.a(libc_a-__call_atexit.o)
 *(.init_array)
 .init_array    0x10009298        0x4 /usr/lib/gcc/arm-none-eabi/13.2.1/thumb/v6-m/nofp/crtbegin.o
 .init_array    0x1000929c        0x4 CMakeFiles/hcsr04.dir/home/arthur/2025.1/rtos/FreeRTOS-Kernel/portable/ThirdParty/GCC/RP2040/port.c.o
 .init_array    0x100092a0        0x4 CMakeFiles/hcsr04.dir/home/arthur/2025.1/rtos/pico-sdk/src/rp2_common/pico_unique_id/unique_id.c.o
                0x100092a4                        PROVIDE (__init_array_end = .)
                0x100092a4                        . = ALIGN (0x4)
                0x100092a4                        PROVIDE (__fini_array_start = .)
 *(SORT_BY_NAME(.fini_array.*))
 *(.fini_array)
                0x100092a4                        PROVIDE (__fini_array_end = .)
 *(.eh_frame*)
 .eh_frame      0x100092a4        0x0 /usr/lib/gcc/arm-none-eabi/13.2.1/thumb/v6-m/nofp/crtbegin.o
                0x100092a4                        . = ALIGN (0x4)

.glue_7         0x100092a4        0x0
 .glue_7        0x100092a4        0x0 linker stubs

.glue_7t        0x100092a4        0x0
 .glue_7t       0x100092a4        0x0 linker stubs

.vfp11_veneer   0x100092a4        0x0
 .vfp11_veneer  0x100092a4        0x0 linker stubs

.v4_bx          0x100092a4        0x0
 .v4_bx         0x100092a4        0x0 linker stubs

.iplt           0x100092a4        0x0
 .iplt          0x100092a4        0x0 /usr/lib/gcc/arm-none-eabi/13.2.1/thumb/v6-m/nofp/crtbegin.o

.rodata         0x100092a8      0x724
 *(EXCLUDE_FILE(*libm.a: *libc.a:*lib_a-mem*.o *libgcc.a:) .rodata*)
 .rodata.motor_task.str1.4
                0x100092a8      0x224 CMakeFiles/hcsr04.dir/main.c.o
                                 0x39 (size before relaxing)
 .rodata.main.str1.4
                0x100094cc       0x16 CMakeFiles/hcsr04.dir/main.c.o
 .rodata.SENSOR_PINS
                0x100094cc       0x14 CMakeFiles/hcsr04.dir/main.c.o
                0x100094cc                SENSOR_PINS
 .rodata.panic.str1.4
                0x100094e0       0x12 CMakeFiles/hcsr04.dir/home/arthur/2025.1/rtos/pico-sdk/src/rp2_common/pico_platform_panic/panic.c.o
 .rodata.panic_unsupported.str1.4
                0x100094e0        0xe CMakeFiles/hcsr04.dir/home/arthur/2025.1/rtos/pico-sdk/src/rp2_common/pico_platform_panic/panic.c.o
 .rodata.spin_lock_claim_unused.str1.4
                0x100094e0       0x1b CMakeFiles/hcsr04.dir/home/arthur/2025.1/rtos/pico-sdk/src/rp2_common/hardware_sync/sync.c.o
 .rodata.user_irq_claim_unused.str1.4
                0x100094e0       0x1b CMakeFiles/hcsr04.dir/home/arthur/2025.1/rtos/pico-sdk/src/rp2_common/hardware_irq/irq.c.o
 .rodata.timer_hardware_alarm_claim.str1.4
                0x100094e0       0x22 CMakeFiles/hcsr04.dir/home/arthur/2025.1/rtos/pico-sdk/src/rp2_common/hardware_timer/timer.c.o
 .rodata.hard_assertion_failure.str1.4
                0x100094e0        0xc CMakeFiles/hcsr04.dir/home/arthur/2025.1/rtos/pico-sdk/src/rp2_common/pico_runtime/runtime.c.o
 .rodata.missing_double_func_shim.str1.4
                0x100094e0       0x18 CMakeFiles/hcsr04.dir/home/arthur/2025.1/rtos/pico-sdk/src/rp2_common/pico_double/double_init_rom_rp2040.c.o
 .rodata.missing_float_func_shim.str1.4
                0x100094e0        0x1 CMakeFiles/hcsr04.dir/home/arthur/2025.1/rtos/pico-sdk/src/rp2_common/pico_float/float_init_rom_rp2040.c.o
 .rodata.str1.4
                0x100094e0       0x3c CMakeFiles/hcsr04.dir/home/arthur/2025.1/rtos/pico-sdk/src/rp2_common/pico_standard_binary_info/standard_binary_info.c.o
 .rodata.__bi_84
                0x100094e0        0xc CMakeFiles/hcsr04.dir/home/arthur/2025.1/rtos/pico-sdk/src/rp2_common/pico_standard_binary_info/standard_binary_info.c.o
 .rodata.__bi_78
                0x100094ec        0xc CMakeFiles/hcsr04.dir/home/arthur/2025.1/rtos/pico-sdk/src/rp2_common/pico_standard_binary_info/standard_binary_info.c.o
 .rodata.__bi_54
                0x100094f8        0xc CMakeFiles/hcsr04.dir/home/arthur/2025.1/rtos/pico-sdk/src/rp2_common/pico_standard_binary_info/standard_binary_info.c.o
 .rodata.__bi_48
                0x10009504        0xc CMakeFiles/hcsr04.dir/home/arthur/2025.1/rtos/pico-sdk/src/rp2_common/pico_standard_binary_info/standard_binary_info.c.o
 .rodata.__bi_42
                0x10009510        0xc CMakeFiles/hcsr04.dir/home/arthur/2025.1/rtos/pico-sdk/src/rp2_common/pico_standard_binary_info/standard_binary_info.c.o
 .rodata.__bi_34
                0x1000951c        0xc CMakeFiles/hcsr04.dir/home/arthur/2025.1/rtos/pico-sdk/src/rp2_common/pico_standard_binary_info/standard_binary_info.c.o
 .rodata.__bi_26
                0x10009528        0xc CMakeFiles/hcsr04.dir/home/arthur/2025.1/rtos/pico-sdk/src/rp2_common/pico_standard_binary_info/standard_binary_info.c.o
 .rodata._ftoa.str1.4
                0x10009534       0x15 CMakeFiles/hcsr04.dir/home/arthur/2025.1/rtos/pico-sdk/src/rp2_common/pico_printf/printf.c.o
 .rodata._vsnprintf
                0x10009534      0x19c CMakeFiles/hcsr04.dir/home/arthur/2025.1/rtos/pico-sdk/src/rp2_common/pico_printf/printf.c.o
 .rodata.pow10.0
                0x100096d0       0x50 CMakeFiles/hcsr04.dir/home/arthur/2025.1/rtos/pico-sdk/src/rp2_common/pico_printf/printf.c.o
 .rodata.crlf_str.0
                0x10009720        0x2 CMakeFiles/hcsr04.dir/home/arthur/2025.1/rtos/pico-sdk/src/rp2_common/pico_stdio/stdio.c.o
 .rodata.str1.4
                0x10009722       0x2c CMakeFiles/hcsr04.dir/home/arthur/2025.1/rtos/pico-sdk/src/rp2_common/pico_stdio_uart/stdio_uart.c.o
 *fill*         0x10009722        0x2 
 .rodata.__bi_45.4
                0x10009724        0xc CMakeFiles/hcsr04.dir/home/arthur/2025.1/rtos/pico-sdk/src/rp2_common/pico_stdio_uart/stdio_uart.c.o
 .rodata.__bi_49.5
                0x10009730        0x8 CMakeFiles/hcsr04.dir/home/arthur/2025.1/rtos/pico-sdk/src/rp2_common/pico_stdio_uart/stdio_uart.c.o
 .rodata.__bi_50.6
                0x10009738        0x8 CMakeFiles/hcsr04.dir/home/arthur/2025.1/rtos/pico-sdk/src/rp2_common/pico_stdio_uart/stdio_uart.c.o
 .rodata.uxTopUsedPriority
                0x10009740        0x4 CMakeFiles/hcsr04.dir/home/arthur/2025.1/rtos/FreeRTOS-Kernel/tasks.c.o
 .rodata.prvTimerTask
                0x10009744       0x28 CMakeFiles/hcsr04.dir/home/arthur/2025.1/rtos/FreeRTOS-Kernel/timers.c.o
 .rodata.xTimerCreateTimerTask.str1.4
                0x1000976c       0x10 CMakeFiles/hcsr04.dir/home/arthur/2025.1/rtos/FreeRTOS-Kernel/timers.c.o
 .rodata._resetd_driver
                0x1000976c       0x20 CMakeFiles/hcsr04.dir/home/arthur/2025.1/rtos/pico-sdk/src/rp2_common/pico_stdio_usb/reset_interface.c.o
 .rodata.desc_ms_os_20
                0x1000978c       0xa6 CMakeFiles/hcsr04.dir/home/arthur/2025.1/rtos/pico-sdk/src/rp2_common/pico_stdio_usb/reset_interface.c.o
 *fill*         0x10009832        0x2 
 .rodata.desc_bos
                0x10009834       0x21 CMakeFiles/hcsr04.dir/home/arthur/2025.1/rtos/pico-sdk/src/rp2_common/pico_stdio_usb/reset_interface.c.o
                0x10009834                desc_bos
 .rodata.str1.4
                0x10009855       0x13 CMakeFiles/hcsr04.dir/home/arthur/2025.1/rtos/pico-sdk/src/rp2_common/pico_stdio_usb/stdio_usb.c.o
 *fill*         0x10009855        0x3 
 .rodata.__bi_197.0
                0x10009858        0xc CMakeFiles/hcsr04.dir/home/arthur/2025.1/rtos/pico-sdk/src/rp2_common/pico_stdio_usb/stdio_usb.c.o
 .rodata.str1.4
                0x10009864       0x2a CMakeFiles/hcsr04.dir/home/arthur/2025.1/rtos/pico-sdk/src/rp2_common/pico_stdio_usb/stdio_usb_descriptors.c.o
 .rodata.usbd_desc_str
                0x10009864       0x18 CMakeFiles/hcsr04.dir/home/arthur/2025.1/rtos/pico-sdk/src/rp2_common/pico_stdio_usb/stdio_usb_descriptors.c.o
 .rodata.usbd_desc_cfg
                0x1000987c       0x54 CMakeFiles/hcsr04.dir/home/arthur/2025.1/rtos/pico-sdk/src/rp2_common/pico_stdio_usb/stdio_usb_descriptors.c.o
 .rodata.usbd_desc_device
                0x100098d0       0x12 CMakeFiles/hcsr04.dir/home/arthur/2025.1/rtos/pico-sdk/src/rp2_common/pico_stdio_usb/stdio_usb_descriptors.c.o
 .rodata.str1.4
                0x100098e2       0x14 CMakeFiles/hcsr04.dir/home/arthur/2025.1/rtos/pico-sdk/lib/tinyusb/src/portable/raspberrypi/rp2040/dcd_rp2040.c.o
 .rodata.str1.4
                0x100098e2       0x48 CMakeFiles/hcsr04.dir/home/arthur/2025.1/rtos/pico-sdk/lib/tinyusb/src/portable/raspberrypi/rp2040/rp2040_usb.c.o
 *fill*         0x100098e2        0x2 
 .rodata.tud_task_ext
                0x100098e4       0x8c CMakeFiles/hcsr04.dir/home/arthur/2025.1/rtos/pico-sdk/lib/tinyusb/src/device/usbd.c.o
 .rodata        0x10009970       0x1c CMakeFiles/hcsr04.dir/home/arthur/2025.1/rtos/pico-sdk/lib/tinyusb/src/device/usbd.c.o
 .rodata._usbd_driver
                0x1000998c       0x40 CMakeFiles/hcsr04.dir/home/arthur/2025.1/rtos/pico-sdk/lib/tinyusb/src/device/usbd.c.o
                0x100099cc                        . = ALIGN (0x4)
 *(SORT_BY_ALIGNMENT(SORT_BY_NAME(.flashdata*)))
                0x100099cc                        . = ALIGN (0x4)

.ARM.extab
 *(.ARM.extab* .gnu.linkonce.armextab.*)
                0x100099cc                        __exidx_start = .

.ARM.exidx
 *(.ARM.exidx* .gnu.linkonce.armexidx.*)
                0x100099cc                        __exidx_end = .
                0x100099cc                        . = ALIGN (0x4)
                0x100099cc                        __binary_info_start = .

.binary_info    0x100099cc       0x2c
 *(.binary_info.keep.*)
 .binary_info.keep.__bi_ptr84
                0x100099cc        0x4 CMakeFiles/hcsr04.dir/home/arthur/2025.1/rtos/pico-sdk/src/rp2_common/pico_standard_binary_info/standard_binary_info.c.o
 .binary_info.keep.__bi_ptr78
                0x100099d0        0x4 CMakeFiles/hcsr04.dir/home/arthur/2025.1/rtos/pico-sdk/src/rp2_common/pico_standard_binary_info/standard_binary_info.c.o
 .binary_info.keep.__bi_ptr54
                0x100099d4        0x4 CMakeFiles/hcsr04.dir/home/arthur/2025.1/rtos/pico-sdk/src/rp2_common/pico_standard_binary_info/standard_binary_info.c.o
 .binary_info.keep.__bi_ptr48
                0x100099d8        0x4 CMakeFiles/hcsr04.dir/home/arthur/2025.1/rtos/pico-sdk/src/rp2_common/pico_standard_binary_info/standard_binary_info.c.o
 .binary_info.keep.__bi_ptr42
                0x100099dc        0x4 CMakeFiles/hcsr04.dir/home/arthur/2025.1/rtos/pico-sdk/src/rp2_common/pico_standard_binary_info/standard_binary_info.c.o
 .binary_info.keep.__bi_ptr34
                0x100099e0        0x4 CMakeFiles/hcsr04.dir/home/arthur/2025.1/rtos/pico-sdk/src/rp2_common/pico_standard_binary_info/standard_binary_info.c.o
 .binary_info.keep.__bi_ptr26
                0x100099e4        0x4 CMakeFiles/hcsr04.dir/home/arthur/2025.1/rtos/pico-sdk/src/rp2_common/pico_standard_binary_info/standard_binary_info.c.o
 *(.binary_info.*)
 .binary_info.__bi_ptr50
                0x100099e8        0x4 CMakeFiles/hcsr04.dir/home/arthur/2025.1/rtos/pico-sdk/src/rp2_common/pico_stdio_uart/stdio_uart.c.o
 .binary_info.__bi_ptr49
                0x100099ec        0x4 CMakeFiles/hcsr04.dir/home/arthur/2025.1/rtos/pico-sdk/src/rp2_common/pico_stdio_uart/stdio_uart.c.o
 .binary_info.__bi_ptr45
                0x100099f0        0x4 CMakeFiles/hcsr04.dir/home/arthur/2025.1/rtos/pico-sdk/src/rp2_common/pico_stdio_uart/stdio_uart.c.o
 .binary_info.__bi_ptr197
                0x100099f4        0x4 CMakeFiles/hcsr04.dir/home/arthur/2025.1/rtos/pico-sdk/src/rp2_common/pico_stdio_usb/stdio_usb.c.o
                0x100099f8                        __binary_info_end = .

.rel.dyn        0x100099f8        0x0
 .rel.iplt      0x100099f8        0x0 /usr/lib/gcc/arm-none-eabi/13.2.1/thumb/v6-m/nofp/crtbegin.o
                0x100099f8                        . = ALIGN (0x4)

.ram_vector_table
                0x20000000       0xc0
 *(.ram_vector_table)
 .ram_vector_table
                0x20000000       0xc0 CMakeFiles/hcsr04.dir/home/arthur/2025.1/rtos/pico-sdk/src/rp2_common/pico_runtime_init/runtime_init.c.o
                0x20000000                ram_vector_table

.uninitialized_data
                0x200000c0        0x0
                0x200000c0                        . = ALIGN (0x4)
 *(.uninitialized_data*)

.data           0x200000c0      0xf84 load address 0x100099f8
                0x200000c0                        __data_start__ = .
 *(vtable)
 *(.time_critical*)
 .time_critical.mutex_try_enter
                0x200000c0       0x40 CMakeFiles/hcsr04.dir/home/arthur/2025.1/rtos/pico-sdk/src/common/pico_sync/mutex.c.o
                0x200000c0                mutex_try_enter
 .time_critical.mutex_try_enter_block_until
                0x20000100       0xa0 CMakeFiles/hcsr04.dir/home/arthur/2025.1/rtos/pico-sdk/src/common/pico_sync/mutex.c.o
                0x20000100                mutex_try_enter_block_until
 .time_critical.mutex_enter_timeout_ms
                0x200001a0       0x78 CMakeFiles/hcsr04.dir/home/arthur/2025.1/rtos/pico-sdk/src/common/pico_sync/mutex.c.o
                0x200001a0                mutex_enter_timeout_ms
 .time_critical.mutex_exit
                0x20000218       0x20 CMakeFiles/hcsr04.dir/home/arthur/2025.1/rtos/pico-sdk/src/common/pico_sync/mutex.c.o
                0x20000218                mutex_exit
 .time_critical.flash_init_boot2_copyout
                0x20000238       0x30 CMakeFiles/hcsr04.dir/home/arthur/2025.1/rtos/pico-sdk/src/rp2_common/hardware_flash/flash.c.o
 .time_critical.flash_enable_xip_via_boot2
                0x20000268        0xc CMakeFiles/hcsr04.dir/home/arthur/2025.1/rtos/pico-sdk/src/rp2_common/hardware_flash/flash.c.o
 .time_critical.flash_cs_force
                0x20000274       0x38 CMakeFiles/hcsr04.dir/home/arthur/2025.1/rtos/pico-sdk/src/rp2_common/hardware_flash/flash.c.o
 .time_critical.flash_do_cmd
                0x200002ac       0xc0 CMakeFiles/hcsr04.dir/home/arthur/2025.1/rtos/pico-sdk/src/rp2_common/hardware_flash/flash.c.o
                0x200002ac                flash_do_cmd
 .time_critical.reset_non_control_endpoints
                0x2000036c       0x68 CMakeFiles/hcsr04.dir/home/arthur/2025.1/rtos/pico-sdk/lib/tinyusb/src/portable/raspberrypi/rp2040/dcd_rp2040.c.o
 .time_critical.hw_handle_buff_status
                0x200003d4       0xa0 CMakeFiles/hcsr04.dir/home/arthur/2025.1/rtos/pico-sdk/lib/tinyusb/src/portable/raspberrypi/rp2040/dcd_rp2040.c.o
 .time_critical.dcd_rp2040_irq
                0x20000474      0x544 CMakeFiles/hcsr04.dir/home/arthur/2025.1/rtos/pico-sdk/lib/tinyusb/src/portable/raspberrypi/rp2040/dcd_rp2040.c.o
 .time_critical.prepare_ep_buffer
                0x200009b8       0xe0 CMakeFiles/hcsr04.dir/home/arthur/2025.1/rtos/pico-sdk/lib/tinyusb/src/portable/raspberrypi/rp2040/rp2040_usb.c.o
 .time_critical.sync_ep_buffer
                0x20000a98       0xa8 CMakeFiles/hcsr04.dir/home/arthur/2025.1/rtos/pico-sdk/lib/tinyusb/src/portable/raspberrypi/rp2040/rp2040_usb.c.o
 .time_critical._hw_endpoint_xfer_sync
                0x20000b40       0x28 CMakeFiles/hcsr04.dir/home/arthur/2025.1/rtos/pico-sdk/lib/tinyusb/src/portable/raspberrypi/rp2040/rp2040_usb.c.o
 .time_critical.e15_is_bulkin_ep
                0x20000b68       0x28 CMakeFiles/hcsr04.dir/home/arthur/2025.1/rtos/pico-sdk/lib/tinyusb/src/portable/raspberrypi/rp2040/rp2040_usb.c.o
 .time_critical.e15_is_critical_frame_period
                0x20000b90       0x34 CMakeFiles/hcsr04.dir/home/arthur/2025.1/rtos/pico-sdk/lib/tinyusb/src/portable/raspberrypi/rp2040/rp2040_usb.c.o
 .time_critical.hw_endpoint_reset_transfer
                0x20000bc4        0xc CMakeFiles/hcsr04.dir/home/arthur/2025.1/rtos/pico-sdk/lib/tinyusb/src/portable/raspberrypi/rp2040/rp2040_usb.c.o
                0x20000bc4                hw_endpoint_reset_transfer
 .time_critical._hw_endpoint_buffer_control_update32
                0x20000bd0       0x50 CMakeFiles/hcsr04.dir/home/arthur/2025.1/rtos/pico-sdk/lib/tinyusb/src/portable/raspberrypi/rp2040/rp2040_usb.c.o
                0x20000bd0                _hw_endpoint_buffer_control_update32
 .time_critical.hw_endpoint_start_next_buffer
                0x20000c20       0x6c CMakeFiles/hcsr04.dir/home/arthur/2025.1/rtos/pico-sdk/lib/tinyusb/src/portable/raspberrypi/rp2040/rp2040_usb.c.o
                0x20000c20                hw_endpoint_start_next_buffer
 .time_critical.hw_endpoint_xfer_continue
                0x20000c8c       0x40 CMakeFiles/hcsr04.dir/home/arthur/2025.1/rtos/pico-sdk/lib/tinyusb/src/portable/raspberrypi/rp2040/rp2040_usb.c.o
                0x20000c8c                hw_endpoint_xfer_continue
 .time_critical.tinyusb
                0x20000ccc      0x1e4 CMakeFiles/hcsr04.dir/home/arthur/2025.1/rtos/pico-sdk/lib/tinyusb/src/device/usbd.c.o
                0x20000ccc                dcd_event_handler
 *(.text*)
 .text          0x20000eb0        0x4 /usr/lib/gcc/arm-none-eabi/13.2.1/thumb/v6-m/nofp/libgcc.a(_dvmd_tls.o)
                0x20000eb0                __aeabi_ldiv0
                0x20000eb0                __aeabi_idiv0
 *fill*         0x20000eb4        0x4 
 .text.__stub   0x20000eb8       0xa0 linker stubs
                0x20000f58                        . = ALIGN (0x4)
 *(.rodata*)
                0x20000f58                        . = ALIGN (0x4)
 *(.data*)
 .data.striped_spin_lock_num
                0x20000f58        0x1 CMakeFiles/hcsr04.dir/home/arthur/2025.1/rtos/pico-sdk/src/rp2_common/hardware_sync/sync.c.o
 *fill*         0x20000f59        0x3 
 .data          0x20000f5c       0x48 CMakeFiles/hcsr04.dir/home/arthur/2025.1/rtos/pico-sdk/src/rp2_common/hardware_irq/irq_handler_chain.S.o
                0x20000f5c                irq_handler_chain_slots
                0x20000f8c                irq_handler_chain_first_slot
                0x20000f96                irq_handler_chain_remove_tail
 .data.default_alarm_pool
                0x20000fa4       0x18 CMakeFiles/hcsr04.dir/home/arthur/2025.1/rtos/pico-sdk/src/common/pico_time/time.c.o
 *fill*         0x20000fbc        0x4 
 .data.aeabi_bits_funcs
                0x20000fc0       0x10 CMakeFiles/hcsr04.dir/home/arthur/2025.1/rtos/pico-sdk/src/rp2_common/pico_bit_ops/bit_ops_aeabi.S.o
                0x20000fc0                aeabi_bits_funcs
                0x20000fd0                aeabi_bits_funcs_end
 .data.aeabi_mem_funcs
                0x20000fd0       0x10 CMakeFiles/hcsr04.dir/home/arthur/2025.1/rtos/pico-sdk/src/rp2_common/pico_mem_ops/mem_ops_aeabi.S.o
                0x20000fd0                aeabi_mem_funcs
                0x20000fe0                aeabi_mem_funcs_end
 .data.stdio_uart
                0x20000fe0       0x18 CMakeFiles/hcsr04.dir/home/arthur/2025.1/rtos/pico-sdk/src/rp2_common/pico_stdio_uart/stdio_uart.c.o
                0x20000fe0                stdio_uart
 .data.ucPrimaryCoreNum
                0x20000ff8        0x1 CMakeFiles/hcsr04.dir/home/arthur/2025.1/rtos/FreeRTOS-Kernel/portable/ThirdParty/GCC/RP2040/port.c.o
 *fill*         0x20000ff9        0x3 
 .data.stdio_usb
                0x20000ffc       0x18 CMakeFiles/hcsr04.dir/home/arthur/2025.1/rtos/pico-sdk/src/rp2_common/pico_stdio_usb/stdio_usb.c.o
                0x20000ffc                stdio_usb
 .data._usbd_qdef
                0x20001014       0x1c CMakeFiles/hcsr04.dir/home/arthur/2025.1/rtos/pico-sdk/lib/tinyusb/src/device/usbd.c.o
                0x20001014                _usbd_qdef
 .data._usbd_rhport
                0x20001030        0x1 CMakeFiles/hcsr04.dir/home/arthur/2025.1/rtos/pico-sdk/lib/tinyusb/src/device/usbd.c.o
                0x20001034                        . = ALIGN (0x4)
 *fill*         0x20001031        0x3 
 *(.after_data.*)
                0x20001034                        . = ALIGN (0x4)
                0x20001034                        PROVIDE (__mutex_array_start = .)
 *(SORT_BY_NAME(.mutex_array.*))
 *(.mutex_array)
 .mutex_array   0x20001034        0x8 CMakeFiles/hcsr04.dir/home/arthur/2025.1/rtos/pico-sdk/src/rp2_common/pico_malloc/malloc.c.o
 .mutex_array   0x2000103c        0x8 CMakeFiles/hcsr04.dir/home/arthur/2025.1/rtos/pico-sdk/src/rp2_common/pico_stdio/stdio.c.o
                0x20001044                        PROVIDE (__mutex_array_end = .)
                0x20001044                        . = ALIGN (0x4)
 *(.jcr)
                0x20001044                        . = ALIGN (0x4)

.tm_clone_table
                0x20001044        0x0 load address 0x1000a97c
 .tm_clone_table
                0x20001044        0x0 /usr/lib/gcc/arm-none-eabi/13.2.1/thumb/v6-m/nofp/crtbegin.o
 .tm_clone_table
                0x20001044        0x0 /usr/lib/gcc/arm-none-eabi/13.2.1/thumb/v6-m/nofp/crtend.o

.igot.plt       0x20001044        0x0 load address 0x1000a97c
 .igot.plt      0x20001044        0x0 /usr/lib/gcc/arm-none-eabi/13.2.1/thumb/v6-m/nofp/crtbegin.o

.tdata          0x20001044        0x0 load address 0x1000a97c
                0x20001044                        . = ALIGN (0x4)
 *(.tdata .tdata.* .gnu.linkonce.td.*)
                0x20001044                        __tdata_end = .
                0x20001044                        PROVIDE (__data_end__ = .)
                0x100099f8                        __etext = LOADADDR (.data)

.tbss           0x20001044        0x0 load address 0x1000a97c
                0x20001044                        . = ALIGN (0x4)
                0x20001044                        __bss_start__ = .
                0x20001044                        __tls_base = .
 *(.tbss .tbss.* .gnu.linkonce.tb.*)
 *(.tcommon)
                0x20001044                        __tls_end = .

.bss            0x20001048    0x21478 load address 0x1000a97c
                0x20001048                        . = ALIGN (0x4)
                0x20001048                        __tbss_end = .
 *(SORT_BY_ALIGNMENT(SORT_BY_NAME(.bss*)))
 .bss.default_alarm_pool_entries
                0x20001048      0x180 CMakeFiles/hcsr04.dir/home/arthur/2025.1/rtos/pico-sdk/src/common/pico_time/time.c.o
 .bss.last_avail_time.1
                0x200011c8        0x8 CMakeFiles/hcsr04.dir/home/arthur/2025.1/rtos/pico-sdk/src/rp2_common/pico_stdio_usb/stdio_usb.c.o
 .bss.sd_table  0x200011d0      0x100 CMakeFiles/hcsr04.dir/home/arthur/2025.1/rtos/pico-sdk/src/rp2_common/pico_double/double_init_rom_rp2040.c.o